<html>
<body>
<pre>
<h1>µVision Build Log</h1>
<h2>Tool Versions:</h2>
IDE-Version: ¦ÌVision V5.24.2.0
Copyright (C) 2017 ARM Ltd and ARM Germany GmbH. All rights reserved.
License Information: 1 Lenovo, 1, LIC=65ISZ-JG238-MMX9I-TMV9U-UXXR0-0TUNV
 
Tool Versions:
Toolchain:       MDK-ARM Plus  Version: 5.24.1
Toolchain Path:  D:\stm32\ARM\ARMCC\Bin
C Compiler:      Armcc.exe V5.06 update 5 (build 528)
Assembler:       Armasm.exe V5.06 update 5 (build 528)
Linker/Locator:  ArmLink.exe V5.06 update 5 (build 528)
Library Manager: ArmAr.exe V5.06 update 5 (build 528)
Hex Converter:   FromElf.exe V5.06 update 5 (build 528)
CPU DLL:         SARMCM3.DLL V5.24.1
Dialog DLL:      DCM.DLL V1.16.0.0
Target DLL:      CMSIS_AGDI.dll V1.28.3.0
Dialog DLL:      TCM.DLL V1.32.0.0
 
<h2>Project:</h2>
D:\stm32\ÖÇÄÜ³µ¶þÂÖ¿¼ºË\project.uvprojx
Project File Date:  10/30/2025

<h2>Output:</h2>
*** Using Compiler 'V5.06 update 5 (build 528)', folder: 'D:\stm32\ARM\ARMCC\Bin'
Build target 'Target 1'
compiling Serial.c...
hardware\common.h(16): warning:  #1-D: last line of file ends without a newline
  #endif
hardware\serial.h(10): warning:  #1-D: last line of file ends without a newline
  #endif
hardware\pid.h(30): warning:  #1-D: last line of file ends without a newline
  #endif
hardware\encoder.h(13): warning:  #1-D: last line of file ends without a newline
  #endif
.\system\system.h(20): warning:  #1-D: last line of file ends without a newline
  #endif /* __SYSTEM_H */
hardware\Serial.c(122): warning:  #1-D: last line of file ends without a newline
  }
hardware\Serial.c: 6 warnings, 0 errors
compiling vofa.c...
hardware\common.h(16): warning:  #1-D: last line of file ends without a newline
  #endif
hardware\vofa.h(9): warning:  #1-D: last line of file ends without a newline
  #endif
hardware\encoder.h(13): warning:  #1-D: last line of file ends without a newline
  #endif
hardware\pid.h(30): warning:  #1-D: last line of file ends without a newline
  #endif
hardware\serial.h(10): warning:  #1-D: last line of file ends without a newline
  #endif
.\system\system.h(20): warning:  #1-D: last line of file ends without a newline
  #endif /* __SYSTEM_H */
hardware\vofa.c(36): warning:  #1-D: last line of file ends without a newline
  }
hardware\vofa.c: 7 warnings, 0 errors
compiling key.c...
hardware\common.h(16): warning:  #1-D: last line of file ends without a newline
  #endif
hardware\key.h(10): warning:  #1-D: last line of file ends without a newline
  #endif
.\system\system.h(20): warning:  #1-D: last line of file ends without a newline
  #endif /* __SYSTEM_H */
hardware\key.c(41): warning:  #1-D: last line of file ends without a newline
  }
hardware\key.c: 4 warnings, 0 errors
compiling main.c...
.\hardware\common.h(16): warning:  #1-D: last line of file ends without a newline
  #endif
.\system\system.h(20): warning:  #1-D: last line of file ends without a newline
  #endif /* __SYSTEM_H */
.\hardware\key.h(10): warning:  #1-D: last line of file ends without a newline
  #endif
.\hardware\serial.h(10): warning:  #1-D: last line of file ends without a newline
  #endif
.\hardware\encoder.h(13): warning:  #1-D: last line of file ends without a newline
  #endif
.\hardware\motor.h(11): warning:  #1-D: last line of file ends without a newline
  #endif
.\hardware\pid.h(30): warning:  #1-D: last line of file ends without a newline
  #endif
.\hardware\vofa.h(9): warning:  #1-D: last line of file ends without a newline
  #endif
user\User\main.c(49): warning:  #1-D: last line of file ends without a newline
  }
user\User\main.c: 9 warnings, 0 errors
compiling encoder.c...
.\hardware\common.h(16): warning:  #1-D: last line of file ends without a newline
  #endif
.\hardware\encoder.h(13): warning:  #1-D: last line of file ends without a newline
  #endif
encoder.c(95): warning:  #1-D: last line of file ends without a newline
  }
encoder.c: 3 warnings, 0 errors
compiling system.c...
.\hardware\common.h(16): warning:  #1-D: last line of file ends without a newline
  #endif
system\system.h(20): warning:  #1-D: last line of file ends without a newline
  #endif /* __SYSTEM_H */
.\hardware\pid.h(30): warning:  #1-D: last line of file ends without a newline
  #endif
.\hardware\encoder.h(13): warning:  #1-D: last line of file ends without a newline
  #endif
.\hardware\key.h(10): warning:  #1-D: last line of file ends without a newline
  #endif
system\system.c(102): warning:  #1-D: last line of file ends without a newline
  }
system\system.c: 6 warnings, 0 errors
compiling pid.c...
hardware\common.h(16): warning:  #1-D: last line of file ends without a newline
  #endif
hardware\pid.h(30): warning:  #1-D: last line of file ends without a newline
  #endif
hardware\encoder.h(13): warning:  #1-D: last line of file ends without a newline
  #endif
hardware\motor.h(11): warning:  #1-D: last line of file ends without a newline
  #endif
.\system\system.h(20): warning:  #1-D: last line of file ends without a newline
  #endif /* __SYSTEM_H */
hardware\pid.c(130): warning:  #1-D: last line of file ends without a newline
  }
hardware\pid.c: 6 warnings, 0 errors
linking...
Program Size: Code=10420 RO-data=332 RW-data=100 ZI-data=1284  
".\Objects\project.axf" - 0 Error(s), 41 Warning(s).

<h2>Software Packages used:</h2>

Package Vendor: Keil
                http://www.keil.com/pack/Keil.STM32F1xx_DFP.2.2.0.pack
                Keil.STM32F1xx_DFP.2.2.0
                STMicroelectronics STM32F1 Series Device Support, Drivers and Examples

<h2>Collection of Component include folders:</h2>
  .\RTE\_Target_1
  D:\stm32\ARM\PACK\Keil\STM32F1xx_DFP\2.2.0\Device\Include

<h2>Collection of Component Files used:</h2>
Build Time Elapsed:  00:00:01
</pre>
</body>
</html>
