Component: ARM Compiler 5.06 update 5 (build 528) Tool: armlink [4d35e2]

==============================================================================

Section Cross References

    startup_stm32f10x_md.o(RESET) refers to startup_stm32f10x_md.o(STACK) for __initial_sp
    startup_stm32f10x_md.o(RESET) refers to startup_stm32f10x_md.o(.text) for Reset_Handler
    startup_stm32f10x_md.o(RESET) refers to stm32f10x_it.o(i.NMI_Handler) for NMI_Handler
    startup_stm32f10x_md.o(RESET) refers to stm32f10x_it.o(i.HardFault_Handler) for HardFault_Handler
    startup_stm32f10x_md.o(RESET) refers to stm32f10x_it.o(i.MemManage_Handler) for MemManage_Handler
    startup_stm32f10x_md.o(RESET) refers to stm32f10x_it.o(i.BusFault_Handler) for BusFault_Handler
    startup_stm32f10x_md.o(RESET) refers to stm32f10x_it.o(i.UsageFault_Handler) for UsageFault_Handler
    startup_stm32f10x_md.o(RESET) refers to stm32f10x_it.o(i.SVC_Handler) for SVC_Handler
    startup_stm32f10x_md.o(RESET) refers to stm32f10x_it.o(i.DebugMon_Handler) for DebugMon_Handler
    startup_stm32f10x_md.o(RESET) refers to stm32f10x_it.o(i.PendSV_Handler) for PendSV_Handler
    startup_stm32f10x_md.o(RESET) refers to stm32f10x_it.o(i.SysTick_Handler) for SysTick_Handler
    startup_stm32f10x_md.o(RESET) refers to motor.o(i.EXTI0_IRQHandler) for EXTI0_IRQHandler
    startup_stm32f10x_md.o(RESET) refers to serial.o(i.USART1_IRQHandler) for USART1_IRQHandler
    startup_stm32f10x_md.o(.text) refers to system_stm32f10x.o(i.SystemInit) for SystemInit
    startup_stm32f10x_md.o(.text) refers to entry.o(.ARM.Collect$$$$00000000) for __main
    system_stm32f10x.o(i.SetSysClock) refers to system_stm32f10x.o(i.SetSysClockTo72) for SetSysClockTo72
    system_stm32f10x.o(i.SystemCoreClockUpdate) refers to system_stm32f10x.o(.data) for SystemCoreClock
    system_stm32f10x.o(i.SystemInit) refers to system_stm32f10x.o(i.SetSysClock) for SetSysClock
    stm32f10x_adc.o(i.ADC_DeInit) refers to stm32f10x_rcc.o(i.RCC_APB2PeriphResetCmd) for RCC_APB2PeriphResetCmd
    stm32f10x_bkp.o(i.BKP_DeInit) refers to stm32f10x_rcc.o(i.RCC_BackupResetCmd) for RCC_BackupResetCmd
    stm32f10x_can.o(i.CAN_DeInit) refers to stm32f10x_rcc.o(i.RCC_APB1PeriphResetCmd) for RCC_APB1PeriphResetCmd
    stm32f10x_can.o(i.CAN_GetITStatus) refers to stm32f10x_can.o(i.CheckITStatus) for CheckITStatus
    stm32f10x_cec.o(i.CEC_DeInit) refers to stm32f10x_rcc.o(i.RCC_APB1PeriphResetCmd) for RCC_APB1PeriphResetCmd
    stm32f10x_dac.o(i.DAC_DeInit) refers to stm32f10x_rcc.o(i.RCC_APB1PeriphResetCmd) for RCC_APB1PeriphResetCmd
    stm32f10x_flash.o(i.FLASH_EnableWriteProtection) refers to stm32f10x_flash.o(i.FLASH_WaitForLastOperation) for FLASH_WaitForLastOperation
    stm32f10x_flash.o(i.FLASH_EraseAllBank1Pages) refers to stm32f10x_flash.o(i.FLASH_WaitForLastBank1Operation) for FLASH_WaitForLastBank1Operation
    stm32f10x_flash.o(i.FLASH_EraseAllPages) refers to stm32f10x_flash.o(i.FLASH_WaitForLastOperation) for FLASH_WaitForLastOperation
    stm32f10x_flash.o(i.FLASH_EraseOptionBytes) refers to stm32f10x_flash.o(i.FLASH_GetReadOutProtectionStatus) for FLASH_GetReadOutProtectionStatus
    stm32f10x_flash.o(i.FLASH_EraseOptionBytes) refers to stm32f10x_flash.o(i.FLASH_WaitForLastOperation) for FLASH_WaitForLastOperation
    stm32f10x_flash.o(i.FLASH_ErasePage) refers to stm32f10x_flash.o(i.FLASH_WaitForLastOperation) for FLASH_WaitForLastOperation
    stm32f10x_flash.o(i.FLASH_ProgramHalfWord) refers to stm32f10x_flash.o(i.FLASH_WaitForLastOperation) for FLASH_WaitForLastOperation
    stm32f10x_flash.o(i.FLASH_ProgramOptionByteData) refers to stm32f10x_flash.o(i.FLASH_WaitForLastOperation) for FLASH_WaitForLastOperation
    stm32f10x_flash.o(i.FLASH_ProgramWord) refers to stm32f10x_flash.o(i.FLASH_WaitForLastOperation) for FLASH_WaitForLastOperation
    stm32f10x_flash.o(i.FLASH_ReadOutProtection) refers to stm32f10x_flash.o(i.FLASH_WaitForLastOperation) for FLASH_WaitForLastOperation
    stm32f10x_flash.o(i.FLASH_UserOptionByteConfig) refers to stm32f10x_flash.o(i.FLASH_WaitForLastOperation) for FLASH_WaitForLastOperation
    stm32f10x_flash.o(i.FLASH_WaitForLastBank1Operation) refers to stm32f10x_flash.o(i.FLASH_GetBank1Status) for FLASH_GetBank1Status
    stm32f10x_flash.o(i.FLASH_WaitForLastOperation) refers to stm32f10x_flash.o(i.FLASH_GetBank1Status) for FLASH_GetBank1Status
    stm32f10x_gpio.o(i.GPIO_AFIODeInit) refers to stm32f10x_rcc.o(i.RCC_APB2PeriphResetCmd) for RCC_APB2PeriphResetCmd
    stm32f10x_gpio.o(i.GPIO_DeInit) refers to stm32f10x_rcc.o(i.RCC_APB2PeriphResetCmd) for RCC_APB2PeriphResetCmd
    stm32f10x_i2c.o(i.I2C_DeInit) refers to stm32f10x_rcc.o(i.RCC_APB1PeriphResetCmd) for RCC_APB1PeriphResetCmd
    stm32f10x_i2c.o(i.I2C_Init) refers to stm32f10x_rcc.o(i.RCC_GetClocksFreq) for RCC_GetClocksFreq
    stm32f10x_pwr.o(i.PWR_DeInit) refers to stm32f10x_rcc.o(i.RCC_APB1PeriphResetCmd) for RCC_APB1PeriphResetCmd
[...]
    Removing stm32f10x_gpio.o(i.GPIO_EventOutputCmd), (12 bytes).
    Removing stm32f10x_gpio.o(i.GPIO_EventOutputConfig), (32 bytes).
    Removing stm32f10x_gpio.o(i.GPIO_PinLockConfig), (18 bytes).
    Removing stm32f10x_gpio.o(i.GPIO_PinRemapConfig), (144 bytes).
    Removing stm32f10x_gpio.o(i.GPIO_ReadInputData), (8 bytes).
    Removing stm32f10x_gpio.o(i.GPIO_ReadOutputData), (8 bytes).
    Removing stm32f10x_gpio.o(i.GPIO_ReadOutputDataBit), (18 bytes).
    Removing stm32f10x_gpio.o(i.GPIO_StructInit), (16 bytes).
    Removing stm32f10x_gpio.o(i.GPIO_Write), (4 bytes).
    Removing stm32f10x_i2c.o(i.I2C_ARPCmd), (24 bytes).
    Removing stm32f10x_i2c.o(i.I2C_AcknowledgeConfig), (24 bytes).
    Removing stm32f10x_i2c.o(i.I2C_CalculatePEC), (24 bytes).
    Removing stm32f10x_i2c.o(i.I2C_CheckEvent), (42 bytes).
    Removing stm32f10x_i2c.o(i.I2C_ClearFlag), (12 bytes).
    Removing stm32f10x_i2c.o(i.I2C_ClearITPendingBit), (12 bytes).
    Removing stm32f10x_i2c.o(i.I2C_Cmd), (24 bytes).
    Removing stm32f10x_i2c.o(i.I2C_DMACmd), (24 bytes).
    Removing stm32f10x_i2c.o(i.I2C_DMALastTransferCmd), (24 bytes).
    Removing stm32f10x_i2c.o(i.I2C_DeInit), (56 bytes).
    Removing stm32f10x_i2c.o(i.I2C_DualAddressCmd), (24 bytes).
    Removing stm32f10x_i2c.o(i.I2C_FastModeDutyCycleConfig), (28 bytes).
    Removing stm32f10x_i2c.o(i.I2C_GeneralCallCmd), (24 bytes).
    Removing stm32f10x_i2c.o(i.I2C_GenerateSTART), (24 bytes).
    Removing stm32f10x_i2c.o(i.I2C_GenerateSTOP), (24 bytes).
    Removing stm32f10x_i2c.o(i.I2C_GetFlagStatus), (58 bytes).
    Removing stm32f10x_i2c.o(i.I2C_GetITStatus), (38 bytes).
    Removing stm32f10x_i2c.o(i.I2C_GetLastEvent), (26 bytes).
    Removing stm32f10x_i2c.o(i.I2C_GetPEC), (8 bytes).
    Removing stm32f10x_i2c.o(i.I2C_ITConfig), (18 bytes).
    Removing stm32f10x_i2c.o(i.I2C_Init), (236 bytes).
    Removing stm32f10x_i2c.o(i.I2C_NACKPositionConfig), (28 bytes).
    Removing stm32f10x_i2c.o(i.I2C_OwnAddress2Config), (22 bytes).
    Removing stm32f10x_i2c.o(i.I2C_PECPositionConfig), (28 bytes).
    Removing stm32f10x_i2c.o(i.I2C_ReadRegister), (22 bytes).
    Removing stm32f10x_i2c.o(i.I2C_ReceiveData), (8 bytes).
    Removing stm32f10x_i2c.o(i.I2C_SMBusAlertConfig), (28 bytes).
    Removing stm32f10x_i2c.o(i.I2C_Send7bitAddress), (18 bytes).
    Removing stm32f10x_i2c.o(i.I2C_SendData), (4 bytes).
    Removing stm32f10x_i2c.o(i.I2C_SoftwareResetCmd), (22 bytes).
    Removing stm32f10x_i2c.o(i.I2C_StretchClockCmd), (24 bytes).
    Removing stm32f10x_i2c.o(i.I2C_StructInit), (30 bytes).
    Removing stm32f10x_i2c.o(i.I2C_TransmitPEC), (24 bytes).
    Removing stm32f10x_iwdg.o(i.IWDG_Enable), (16 bytes).
    Removing stm32f10x_iwdg.o(i.IWDG_GetFlagStatus), (24 bytes).
    Removing stm32f10x_iwdg.o(i.IWDG_ReloadCounter), (16 bytes).
    Removing stm32f10x_iwdg.o(i.IWDG_SetPrescaler), (12 bytes).
    Removing stm32f10x_iwdg.o(i.IWDG_SetReload), (12 bytes).
    Removing stm32f10x_iwdg.o(i.IWDG_WriteAccessCmd), (12 bytes).
    Removing stm32f10x_pwr.o(i.PWR_BackupAccessCmd), (12 bytes).
    Removing stm32f10x_pwr.o(i.PWR_ClearFlag), (20 bytes).
    Removing stm32f10x_pwr.o(i.PWR_DeInit), (22 bytes).
    Removing stm32f10x_pwr.o(i.PWR_EnterSTANDBYMode), (52 bytes).
    Removing stm32f10x_pwr.o(i.PWR_EnterSTOPMode), (64 bytes).
    Removing stm32f10x_pwr.o(i.PWR_GetFlagStatus), (24 bytes).
    Removing stm32f10x_pwr.o(i.PWR_PVDCmd), (12 bytes).
    Removing stm32f10x_pwr.o(i.PWR_PVDLevelConfig), (24 bytes).
    Removing stm32f10x_pwr.o(i.PWR_WakeUpPinCmd), (12 bytes).
    Removing stm32f10x_rcc.o(i.RCC_ADCCLKConfig), (24 bytes).
    Removing stm32f10x_rcc.o(i.RCC_AHBPeriphClockCmd), (32 bytes).
    Removing stm32f10x_rcc.o(i.RCC_AdjustHSICalibrationValue), (24 bytes).
    Removing stm32f10x_rcc.o(i.RCC_BackupResetCmd), (12 bytes).
    Removing stm32f10x_rcc.o(i.RCC_ClearFlag), (20 bytes).
    Removing stm32f10x_rcc.o(i.RCC_ClearITPendingBit), (12 bytes).
    Removing stm32f10x_rcc.o(i.RCC_ClockSecuritySystemCmd), (12 bytes).
    Removing stm32f10x_rcc.o(i.RCC_DeInit), (76 bytes).
    Removing stm32f10x_rcc.o(i.RCC_GetFlagStatus), (60 bytes).
    Removing stm32f10x_rcc.o(i.RCC_GetITStatus), (24 bytes).
    Removing stm32f10x_rcc.o(i.RCC_GetSYSCLKSource), (16 bytes).
    Removing stm32f10x_rcc.o(i.RCC_HCLKConfig), (24 bytes).
    Removing stm32f10x_rcc.o(i.RCC_HSEConfig), (76 bytes).
    Removing stm32f10x_rcc.o(i.RCC_HSICmd), (12 bytes).
    Removing stm32f10x_rcc.o(i.RCC_ITConfig), (32 bytes).
    Removing stm32f10x_rcc.o(i.RCC_LSEConfig), (52 bytes).
    Removing stm32f10x_rcc.o(i.RCC_LSICmd), (12 bytes).
    Removing stm32f10x_rcc.o(i.RCC_MCOConfig), (12 bytes).
    Removing stm32f10x_rcc.o(i.RCC_PCLK1Config), (24 bytes).
    Removing stm32f10x_rcc.o(i.RCC_PCLK2Config), (24 bytes).
    Removing stm32f10x_rcc.o(i.RCC_PLLCmd), (12 bytes).
    Removing stm32f10x_rcc.o(i.RCC_PLLConfig), (28 bytes).
    Removing stm32f10x_rcc.o(i.RCC_RTCCLKCmd), (12 bytes).
    Removing stm32f10x_rcc.o(i.RCC_RTCCLKConfig), (16 bytes).
    Removing stm32f10x_rcc.o(i.RCC_SYSCLKConfig), (24 bytes).
    Removing stm32f10x_rcc.o(i.RCC_USBCLKConfig), (12 bytes).
    Removing stm32f10x_rcc.o(i.RCC_WaitForHSEStartUp), (56 bytes).
    Removing stm32f10x_rtc.o(i.RTC_ClearFlag), (16 bytes).
    Removing stm32f10x_rtc.o(i.RTC_ClearITPendingBit), (16 bytes).
    Removing stm32f10x_rtc.o(i.RTC_EnterConfigMode), (20 bytes).
    Removing stm32f10x_rtc.o(i.RTC_ExitConfigMode), (20 bytes).
    Removing stm32f10x_rtc.o(i.RTC_GetCounter), (20 bytes).
    Removing stm32f10x_rtc.o(i.RTC_GetDivider), (24 bytes).
    Removing stm32f10x_rtc.o(i.RTC_GetFlagStatus), (24 bytes).
    Removing stm32f10x_rtc.o(i.RTC_GetITStatus), (36 bytes).
    Removing stm32f10x_rtc.o(i.RTC_ITConfig), (32 bytes).
    Removing stm32f10x_rtc.o(i.RTC_SetAlarm), (28 bytes).
    Removing stm32f10x_rtc.o(i.RTC_SetCounter), (28 bytes).
    Removing stm32f10x_rtc.o(i.RTC_SetPrescaler), (32 bytes).
    Removing stm32f10x_rtc.o(i.RTC_WaitForLastTask), (20 bytes).
    Removing stm32f10x_rtc.o(i.RTC_WaitForSynchro), (36 bytes).
    Removing stm32f10x_sdio.o(i.SDIO_CEATAITCmd), (16 bytes).
    Removing stm32f10x_sdio.o(i.SDIO_ClearFlag), (12 bytes).
    Removing stm32f10x_sdio.o(i.SDIO_ClearITPendingBit), (12 bytes).
    Removing stm32f10x_sdio.o(i.SDIO_ClockCmd), (12 bytes).
    Removing stm32f10x_sdio.o(i.SDIO_CmdStructInit), (14 bytes).
    Removing stm32f10x_sdio.o(i.SDIO_CommandCompletionCmd), (12 bytes).
    Removing stm32f10x_sdio.o(i.SDIO_DMACmd), (12 bytes).
    Removing stm32f10x_sdio.o(i.SDIO_DataConfig), (48 bytes).
    Removing stm32f10x_sdio.o(i.SDIO_DataStructInit), (20 bytes).
    Removing stm32f10x_sdio.o(i.SDIO_DeInit), (36 bytes).
    Removing stm32f10x_sdio.o(i.SDIO_GetCommandResponse), (12 bytes).
    Removing stm32f10x_sdio.o(i.SDIO_GetDataCounter), (12 bytes).
    Removing stm32f10x_sdio.o(i.SDIO_GetFIFOCount), (12 bytes).
    Removing stm32f10x_sdio.o(i.SDIO_GetFlagStatus), (24 bytes).
    Removing stm32f10x_sdio.o(i.SDIO_GetITStatus), (24 bytes).
    Removing stm32f10x_sdio.o(i.SDIO_GetPowerState), (16 bytes).
    Removing stm32f10x_sdio.o(i.SDIO_GetResponse), (24 bytes).
    Removing stm32f10x_sdio.o(i.SDIO_ITConfig), (32 bytes).
    Removing stm32f10x_sdio.o(i.SDIO_Init), (48 bytes).
    Removing stm32f10x_sdio.o(i.SDIO_ReadData), (12 bytes).
    Removing stm32f10x_sdio.o(i.SDIO_SendCEATACmd), (12 bytes).
    Removing stm32f10x_sdio.o(i.SDIO_SendCommand), (44 bytes).
    Removing stm32f10x_sdio.o(i.SDIO_SendSDIOSuspendCmd), (12 bytes).
    Removing stm32f10x_sdio.o(i.SDIO_SetPowerState), (28 bytes).
    Removing stm32f10x_sdio.o(i.SDIO_SetSDIOOperation), (12 bytes).
    Removing stm32f10x_sdio.o(i.SDIO_SetSDIOReadWaitMode), (12 bytes).
    Removing stm32f10x_sdio.o(i.SDIO_StartSDIOReadWait), (12 bytes).
    Removing stm32f10x_sdio.o(i.SDIO_StopSDIOReadWait), (12 bytes).
    Removing stm32f10x_sdio.o(i.SDIO_StructInit), (16 bytes).
    Removing stm32f10x_sdio.o(i.SDIO_WriteData), (12 bytes).
    Removing stm32f10x_spi.o(i.I2S_Cmd), (24 bytes).
    Removing stm32f10x_spi.o(i.I2S_Init), (232 bytes).
    Removing stm32f10x_spi.o(i.I2S_StructInit), (20 bytes).
    Removing stm32f10x_spi.o(i.SPI_BiDirectionalLineConfig), (28 bytes).
    Removing stm32f10x_spi.o(i.SPI_CalculateCRC), (24 bytes).
    Removing stm32f10x_spi.o(i.SPI_Cmd), (24 bytes).
    Removing stm32f10x_spi.o(i.SPI_DataSizeConfig), (18 bytes).
    Removing stm32f10x_spi.o(i.SPI_GetCRC), (16 bytes).
    Removing stm32f10x_spi.o(i.SPI_GetCRCPolynomial), (6 bytes).
    Removing stm32f10x_spi.o(i.SPI_I2S_ClearFlag), (6 bytes).
    Removing stm32f10x_spi.o(i.SPI_I2S_ClearITPendingBit), (20 bytes).
    Removing stm32f10x_spi.o(i.SPI_I2S_DMACmd), (18 bytes).
    Removing stm32f10x_spi.o(i.SPI_I2S_DeInit), (88 bytes).
    Removing stm32f10x_spi.o(i.SPI_I2S_GetFlagStatus), (18 bytes).
    Removing stm32f10x_spi.o(i.SPI_I2S_GetITStatus), (52 bytes).
    Removing stm32f10x_spi.o(i.SPI_I2S_ITConfig), (32 bytes).
    Removing stm32f10x_spi.o(i.SPI_I2S_ReceiveData), (6 bytes).
    Removing stm32f10x_spi.o(i.SPI_I2S_SendData), (4 bytes).
    Removing stm32f10x_spi.o(i.SPI_Init), (60 bytes).
    Removing stm32f10x_spi.o(i.SPI_NSSInternalSoftwareConfig), (30 bytes).
    Removing stm32f10x_spi.o(i.SPI_SSOutputCmd), (24 bytes).
    Removing stm32f10x_spi.o(i.SPI_StructInit), (24 bytes).
    Removing stm32f10x_spi.o(i.SPI_TransmitCRC), (10 bytes).
    Removing stm32f10x_tim.o(i.TIM_ARRPreloadConfig), (24 bytes).
    Removing stm32f10x_tim.o(i.TIM_BDTRConfig), (32 bytes).
    Removing stm32f10x_tim.o(i.TIM_BDTRStructInit), (18 bytes).
    Removing stm32f10x_tim.o(i.TIM_CCPreloadControl), (24 bytes).
    Removing stm32f10x_tim.o(i.TIM_CCxCmd), (30 bytes).
    Removing stm32f10x_tim.o(i.TIM_CCxNCmd), (30 bytes).
    Removing stm32f10x_tim.o(i.TIM_ClearFlag), (6 bytes).
    Removing stm32f10x_tim.o(i.TIM_ClearITPendingBit), (6 bytes).
    Removing stm32f10x_tim.o(i.TIM_ClearOC1Ref), (18 bytes).
    Removing stm32f10x_tim.o(i.TIM_ClearOC2Ref), (24 bytes).
    Removing stm32f10x_tim.o(i.TIM_ClearOC3Ref), (18 bytes).
    Removing stm32f10x_tim.o(i.TIM_ClearOC4Ref), (24 bytes).
    Removing stm32f10x_tim.o(i.TIM_CounterModeConfig), (18 bytes).
    Removing stm32f10x_tim.o(i.TIM_CtrlPWMOutputs), (30 bytes).
    Removing stm32f10x_tim.o(i.TIM_DMACmd), (18 bytes).
    Removing stm32f10x_tim.o(i.TIM_DMAConfig), (10 bytes).
    Removing stm32f10x_tim.o(i.TIM_ETRClockMode1Config), (54 bytes).
    Removing stm32f10x_tim.o(i.TIM_ETRClockMode2Config), (32 bytes).
    Removing stm32f10x_tim.o(i.TIM_ETRConfig), (28 bytes).
    Removing stm32f10x_tim.o(i.TIM_ForcedOC1Config), (18 bytes).
    Removing stm32f10x_tim.o(i.TIM_ForcedOC2Config), (26 bytes).
    Removing stm32f10x_tim.o(i.TIM_ForcedOC3Config), (18 bytes).
    Removing stm32f10x_tim.o(i.TIM_ForcedOC4Config), (26 bytes).
    Removing stm32f10x_tim.o(i.TIM_GenerateEvent), (4 bytes).
    Removing stm32f10x_tim.o(i.TIM_GetCapture1), (6 bytes).
    Removing stm32f10x_tim.o(i.TIM_GetCapture2), (6 bytes).
    Removing stm32f10x_tim.o(i.TIM_GetCapture3), (6 bytes).
    Removing stm32f10x_tim.o(i.TIM_GetCapture4), (8 bytes).
    Removing stm32f10x_tim.o(i.TIM_GetCounter), (6 bytes).
    Removing stm32f10x_tim.o(i.TIM_GetFlagStatus), (18 bytes).
    Removing stm32f10x_tim.o(i.TIM_GetITStatus), (34 bytes).
    Removing stm32f10x_tim.o(i.TIM_GetPrescaler), (6 bytes).
    Removing stm32f10x_tim.o(i.TIM_ITRxExternalClockConfig), (24 bytes).
    Removing stm32f10x_tim.o(i.TIM_InternalClockConfig), (12 bytes).
    Removing stm32f10x_tim.o(i.TIM_OC1FastConfig), (18 bytes).
    Removing stm32f10x_tim.o(i.TIM_OC1Init), (152 bytes).
    Removing stm32f10x_tim.o(i.TIM_OC1NPolarityConfig), (18 bytes).
    Removing stm32f10x_tim.o(i.TIM_OC1PolarityConfig), (18 bytes).
    Removing stm32f10x_tim.o(i.TIM_OC1PreloadConfig), (18 bytes).
    Removing stm32f10x_tim.o(i.TIM_OC2FastConfig), (26 bytes).
    Removing stm32f10x_tim.o(i.TIM_OC2Init), (164 bytes).
    Removing stm32f10x_tim.o(i.TIM_OC2NPolarityConfig), (26 bytes).
    Removing stm32f10x_tim.o(i.TIM_OC2PolarityConfig), (26 bytes).
    Removing stm32f10x_tim.o(i.TIM_OC2PreloadConfig), (26 bytes).
    Removing stm32f10x_tim.o(i.TIM_OC3FastConfig), (18 bytes).
    Removing stm32f10x_tim.o(i.TIM_OC3NPolarityConfig), (26 bytes).
    Removing stm32f10x_tim.o(i.TIM_OC3PolarityConfig), (26 bytes).
    Removing stm32f10x_tim.o(i.TIM_OC3PreloadConfig), (18 bytes).
    Removing stm32f10x_tim.o(i.TIM_OC4FastConfig), (26 bytes).
    Removing stm32f10x_tim.o(i.TIM_OC4PolarityConfig), (26 bytes).
    Removing stm32f10x_tim.o(i.TIM_OC4PreloadConfig), (26 bytes).
    Removing stm32f10x_tim.o(i.TIM_PWMIConfig), (124 bytes).
    Removing stm32f10x_tim.o(i.TIM_SelectCCDMA), (24 bytes).
    Removing stm32f10x_tim.o(i.TIM_SelectCOM), (24 bytes).
    Removing stm32f10x_tim.o(i.TIM_SelectHallSensor), (24 bytes).
    Removing stm32f10x_tim.o(i.TIM_SelectInputTrigger), (18 bytes).
    Removing stm32f10x_tim.o(i.TIM_SelectMasterSlaveMode), (18 bytes).
    Removing stm32f10x_tim.o(i.TIM_SelectOCxM), (82 bytes).
    Removing stm32f10x_tim.o(i.TIM_SelectOnePulseMode), (18 bytes).
    Removing stm32f10x_tim.o(i.TIM_SelectOutputTrigger), (18 bytes).
    Removing stm32f10x_tim.o(i.TIM_SelectSlaveMode), (18 bytes).
    Removing stm32f10x_tim.o(i.TIM_SetAutoreload), (4 bytes).
    Removing stm32f10x_tim.o(i.TIM_SetClockDivision), (18 bytes).
    Removing stm32f10x_tim.o(i.TIM_SetCompare1), (4 bytes).
    Removing stm32f10x_tim.o(i.TIM_SetCompare2), (4 bytes).
    Removing stm32f10x_tim.o(i.TIM_SetCompare3), (4 bytes).
    Removing stm32f10x_tim.o(i.TIM_SetCompare4), (6 bytes).
    Removing stm32f10x_tim.o(i.TIM_TIxExternalClockConfig), (62 bytes).
    Removing stm32f10x_tim.o(i.TIM_TimeBaseStructInit), (18 bytes).
    Removing stm32f10x_tim.o(i.TIM_UpdateDisableConfig), (24 bytes).
    Removing stm32f10x_tim.o(i.TIM_UpdateRequestConfig), (24 bytes).
    Removing stm32f10x_usart.o(i.USART_ClearFlag), (18 bytes).
    Removing stm32f10x_usart.o(i.USART_ClockInit), (34 bytes).
    Removing stm32f10x_usart.o(i.USART_ClockStructInit), (12 bytes).
    Removing stm32f10x_usart.o(i.USART_DMACmd), (18 bytes).
    Removing stm32f10x_usart.o(i.USART_DeInit), (156 bytes).
    Removing stm32f10x_usart.o(i.USART_GetFlagStatus), (26 bytes).
    Removing stm32f10x_usart.o(i.USART_HalfDuplexCmd), (24 bytes).
    Removing stm32f10x_usart.o(i.USART_IrDACmd), (24 bytes).
    Removing stm32f10x_usart.o(i.USART_IrDAConfig), (18 bytes).
    Removing stm32f10x_usart.o(i.USART_LINBreakDetectLengthConfig), (18 bytes).
    Removing stm32f10x_usart.o(i.USART_LINCmd), (24 bytes).
    Removing stm32f10x_usart.o(i.USART_OneBitMethodCmd), (24 bytes).
    Removing stm32f10x_usart.o(i.USART_OverSampling8Cmd), (22 bytes).
    Removing stm32f10x_usart.o(i.USART_ReceiverWakeUpCmd), (24 bytes).
    Removing stm32f10x_usart.o(i.USART_SendBreak), (10 bytes).
    Removing stm32f10x_usart.o(i.USART_SendData), (8 bytes).
    Removing stm32f10x_usart.o(i.USART_SetAddress), (18 bytes).
    Removing stm32f10x_usart.o(i.USART_SetGuardTime), (16 bytes).
    Removing stm32f10x_usart.o(i.USART_SetPrescaler), (16 bytes).
    Removing stm32f10x_usart.o(i.USART_SmartCardCmd), (24 bytes).
    Removing stm32f10x_usart.o(i.USART_SmartCardNACKCmd), (24 bytes).
    Removing stm32f10x_usart.o(i.USART_StructInit), (24 bytes).
    Removing stm32f10x_usart.o(i.USART_WakeUpConfig), (18 bytes).
    Removing stm32f10x_wwdg.o(i.WWDG_ClearFlag), (12 bytes).
    Removing stm32f10x_wwdg.o(i.WWDG_DeInit), (22 bytes).
    Removing stm32f10x_wwdg.o(i.WWDG_Enable), (16 bytes).
    Removing stm32f10x_wwdg.o(i.WWDG_EnableIT), (12 bytes).
    Removing stm32f10x_wwdg.o(i.WWDG_GetFlagStatus), (12 bytes).
    Removing stm32f10x_wwdg.o(i.WWDG_SetCounter), (16 bytes).
    Removing stm32f10x_wwdg.o(i.WWDG_SetPrescaler), (24 bytes).
    Removing stm32f10x_wwdg.o(i.WWDG_SetWindowValue), (40 bytes).
    Removing delay.o(i.Delay_s), (24 bytes).
    Removing motor.o(i.Motor1_SetCompare1), (16 bytes).
    Removing motor.o(i.Motor1_getSpeed), (28 bytes).
    Removing motor.o(i.Motor2_SetCompare1), (16 bytes).
    Removing motor.o(i.Motor2_SetPWM), (42 bytes).
    Removing motor.o(i.Motor2_getSpeed), (28 bytes).
    Removing motor.o(i.Motor_SetPWM), (42 bytes).
    Removing encoder.o(i.Encoder_Get), (28 bytes).
    Removing pid.o(i.PIDControl), (1316 bytes).
    Removing oled.o(i.OLED_ShowBinNum), (62 bytes).
    Removing oled.o(i.OLED_ShowHexNum), (84 bytes).
    Removing serial.o(i.Serial_GetRxData), (12 bytes).
    Removing serial.o(i.Serial_GetRxFlag), (28 bytes).
    Removing serial.o(i.Serial_Pow), (20 bytes).
    Removing serial.o(i.Serial_Printf), (36 bytes).
    Removing serial.o(i.Serial_SendArray), (26 bytes).
    Removing serial.o(i.Serial_SendByte), (32 bytes).
    Removing serial.o(i.Serial_SendJustFloat), (52 bytes).
    Removing serial.o(i.Serial_SendNumber), (58 bytes).
    Removing serial.o(i.Serial_SendString), (26 bytes).
    Removing serial.o(i.fputc), (16 bytes).
    Removing fflti.o(.text), (18 bytes).
    Removing ffixi.o(.text), (50 bytes).
    Removing cdcmple.o(.text), (48 bytes).
    Removing cfrcmple.o(.text), (20 bytes).

459 unused section(s) (total 18616 bytes) removed from the image.

==============================================================================

Image Symbol Table

    Local Symbols

    Symbol Name                              Value     Ov Type        Size  Object(Section)

    ../clib/microlib/ctype/ctype.c           0x00000000   Number         0  isspace_c.o ABSOLUTE
    ../clib/microlib/ctype/ctype.c           0x00000000   Number         0  ctype_c.o ABSOLUTE
    ../clib/microlib/division.c              0x00000000   Number         0  uidiv.o ABSOLUTE
    ../clib/microlib/division.c              0x00000000   Number         0  uldiv.o ABSOLUTE
    ../clib/microlib/init/entry.s            0x00000000   Number         0  entry7b.o ABSOLUTE
    ../clib/microlib/init/entry.s            0x00000000   Number         0  entry7a.o ABSOLUTE
    ../clib/microlib/init/entry.s            0x00000000   Number         0  entry10b.o ABSOLUTE
    ../clib/microlib/init/entry.s            0x00000000   Number         0  entry5.o ABSOLUTE
    ../clib/microlib/init/entry.s            0x00000000   Number         0  entry11a.o ABSOLUTE
    ../clib/microlib/init/entry.s            0x00000000   Number         0  entry11b.o ABSOLUTE
    ../clib/microlib/init/entry.s            0x00000000   Number         0  entry10a.o ABSOLUTE
    ../clib/microlib/init/entry.s            0x00000000   Number         0  entry2.o ABSOLUTE
    ../clib/microlib/init/entry.s            0x00000000   Number         0  entry.o ABSOLUTE
    ../clib/microlib/init/entry.s            0x00000000   Number         0  entry8a.o ABSOLUTE
    ../clib/microlib/init/entry.s            0x00000000   Number         0  entry8b.o ABSOLUTE
    ../clib/microlib/init/entry.s            0x00000000   Number         0  entry9a.o ABSOLUTE
    ../clib/microlib/init/entry.s            0x00000000   Number         0  entry9b.o ABSOLUTE
    ../clib/microlib/longlong.c              0x00000000   Number         0  llsshr.o ABSOLUTE
    ../clib/microlib/longlong.c              0x00000000   Number         0  llshl.o ABSOLUTE
    ../clib/microlib/longlong.c              0x00000000   Number         0  llushr.o ABSOLUTE
    ../clib/microlib/printf/printf.c         0x00000000   Number         0  printf4.o ABSOLUTE
    ../clib/microlib/printf/printf.c         0x00000000   Number         0  printf0.o ABSOLUTE
    ../clib/microlib/printf/printf.c         0x00000000   Number         0  printf1.o ABSOLUTE
    ../clib/microlib/printf/printf.c         0x00000000   Number         0  printf2.o ABSOLUTE
    ../clib/microlib/printf/printf.c         0x00000000   Number         0  printf3.o ABSOLUTE
    ../clib/microlib/printf/printf.c         0x00000000   Number         0  printf5.o ABSOLUTE
    ../clib/microlib/printf/printf.c         0x00000000   Number         0  printf6.o ABSOLUTE
    ../clib/microlib/printf/printf.c         0x00000000   Number         0  printf7.o ABSOLUTE
    ../clib/microlib/printf/printf.c         0x00000000   Number         0  printf8.o ABSOLUTE
    ../clib/microlib/printf/printf.c         0x00000000   Number         0  printfa.o ABSOLUTE
    ../clib/microlib/printf/printf.c         0x00000000   Number         0  printfb.o ABSOLUTE
    ../clib/microlib/printf/stubs.s          0x00000000   Number         0  stubs.o ABSOLUTE
    ../clib/microlib/stdio/streams.c         0x00000000   Number         0  stdout.o ABSOLUTE
    ../clib/microlib/stubs.s                 0x00000000   Number         0  iusefp.o ABSOLUTE
    ../clib/scanf.c                          0x00000000   Number         0  _sgetc.o ABSOLUTE
    ../clib/scanf.c                          0x00000000   Number         0  scanf_char.o ABSOLUTE
    ../clib/scanf.c                          0x00000000   Number         0  __0sscanf.o ABSOLUTE
    ../clib/scanf.c                          0x00000000   Number         0  _scanf_str.o ABSOLUTE
    ../clib/scanf.c                          0x00000000   Number         0  scanf_fp.o ABSOLUTE
    ../clib/scanf.c                          0x00000000   Number         0  _scanf.o ABSOLUTE
    ../fplib/microlib/d2f.c                  0x00000000   Number         0  d2f.o ABSOLUTE
    ../fplib/microlib/f2d.c                  0x00000000   Number         0  f2d.o ABSOLUTE
    ../fplib/microlib/fpadd.c                0x00000000   Number         0  fadd.o ABSOLUTE
    ../fplib/microlib/fpadd.c                0x00000000   Number         0  dadd.o ABSOLUTE
    ../fplib/microlib/fpdiv.c                0x00000000   Number         0  ddiv.o ABSOLUTE
    ../fplib/microlib/fpepilogue.c           0x00000000   Number         0  fepilogue.o ABSOLUTE
    ../fplib/microlib/fpepilogue.c           0x00000000   Number         0  depilogue.o ABSOLUTE
    ../fplib/microlib/fpfix.c                0x00000000   Number         0  ffixui.o ABSOLUTE
    ../fplib/microlib/fpfix.c                0x00000000   Number         0  dfixul.o ABSOLUTE
    ../fplib/microlib/fpfix.c                0x00000000   Number         0  ffixi.o ABSOLUTE
    ../fplib/microlib/fpfix.c                0x00000000   Number         0  dfixui.o ABSOLUTE
    ../fplib/microlib/fpflt.c                0x00000000   Number         0  fflti.o ABSOLUTE
    ../fplib/microlib/fpflt.c                0x00000000   Number         0  ffltui.o ABSOLUTE
    ../fplib/microlib/fpflt.c                0x00000000   Number         0  dfltul.o ABSOLUTE
    ../fplib/microlib/fpmul.c                0x00000000   Number         0  dmul.o ABSOLUTE
    ../fplib/microlib/fpmul.c                0x00000000   Number         0  fmul.o ABSOLUTE
    cdcmple.s                                0x00000000   Number         0  cdcmple.o ABSOLUTE
    cdrcmple.s                               0x00000000   Number         0  cdrcmple.o ABSOLUTE
    cfcmple.s                                0x00000000   Number         0  cfcmple.o ABSOLUTE
    cfrcmple.s                               0x00000000   Number         0  cfrcmple.o ABSOLUTE
    dc.s                                     0x00000000   Number         0  dc.o ABSOLUTE
    handlers.s                               0x00000000   Number         0  handlers.o ABSOLUTE
    hardware\Encoder.c                       0x00000000   Number         0  encoder.o ABSOLUTE
    hardware\Motor.c                         0x00000000   Number         0  motor.o ABSOLUTE
    hardware\PID.c                           0x00000000   Number         0  pid.o ABSOLUTE
    hardware\Serial.c                        0x00000000   Number         0  serial.o ABSOLUTE
    hardware\oled.c                          0x00000000   Number         0  oled.o ABSOLUTE
    init.s                                   0x00000000   Number         0  init.o ABSOLUTE
    library\misc.c                           0x00000000   Number         0  misc.o ABSOLUTE
    library\stm32f10x_adc.c                  0x00000000   Number         0  stm32f10x_adc.o ABSOLUTE
    library\stm32f10x_bkp.c                  0x00000000   Number         0  stm32f10x_bkp.o ABSOLUTE
    library\stm32f10x_can.c                  0x00000000   Number         0  stm32f10x_can.o ABSOLUTE
    library\stm32f10x_cec.c                  0x00000000   Number         0  stm32f10x_cec.o ABSOLUTE
    library\stm32f10x_crc.c                  0x00000000   Number         0  stm32f10x_crc.o ABSOLUTE
    library\stm32f10x_dac.c                  0x00000000   Number         0  stm32f10x_dac.o ABSOLUTE
    library\stm32f10x_dbgmcu.c               0x00000000   Number         0  stm32f10x_dbgmcu.o ABSOLUTE
    library\stm32f10x_dma.c                  0x00000000   Number         0  stm32f10x_dma.o ABSOLUTE
    library\stm32f10x_exti.c                 0x00000000   Number         0  stm32f10x_exti.o ABSOLUTE
    library\stm32f10x_flash.c                0x00000000   Number         0  stm32f10x_flash.o ABSOLUTE
    library\stm32f10x_fsmc.c                 0x00000000   Number         0  stm32f10x_fsmc.o ABSOLUTE
    library\stm32f10x_gpio.c                 0x00000000   Number         0  stm32f10x_gpio.o ABSOLUTE
    library\stm32f10x_i2c.c                  0x00000000   Number         0  stm32f10x_i2c.o ABSOLUTE
    library\stm32f10x_iwdg.c                 0x00000000   Number         0  stm32f10x_iwdg.o ABSOLUTE
    library\stm32f10x_pwr.c                  0x00000000   Number         0  stm32f10x_pwr.o ABSOLUTE
    library\stm32f10x_rcc.c                  0x00000000   Number         0  stm32f10x_rcc.o ABSOLUTE
    library\stm32f10x_rtc.c                  0x00000000   Number         0  stm32f10x_rtc.o ABSOLUTE
    library\stm32f10x_sdio.c                 0x00000000   Number         0  stm32f10x_sdio.o ABSOLUTE
    library\stm32f10x_spi.c                  0x00000000   Number         0  stm32f10x_spi.o ABSOLUTE
    library\stm32f10x_tim.c                  0x00000000   Number         0  stm32f10x_tim.o ABSOLUTE
    library\stm32f10x_usart.c                0x00000000   Number         0  stm32f10x_usart.o ABSOLUTE
    library\stm32f10x_wwdg.c                 0x00000000   Number         0  stm32f10x_wwdg.o ABSOLUTE
    start\\start\\core_cm3.c                 0x00000000   Number         0  core_cm3.o ABSOLUTE
    start\start\core_cm3.c                   0x00000000   Number         0  core_cm3.o ABSOLUTE
    start\start\startup_stm32f10x_md.s       0x00000000   Number         0  startup_stm32f10x_md.o ABSOLUTE
    start\start\system_stm32f10x.c           0x00000000   Number         0  system_stm32f10x.o ABSOLUTE
    system\Delay.c                           0x00000000   Number         0  delay.o ABSOLUTE
    user\User\main.c                         0x00000000   Number         0  main.o ABSOLUTE
    user\User\stm32f10x_it.c                 0x00000000   Number         0  stm32f10x_it.o ABSOLUTE
    RESET                                    0x08000000   Section      236  startup_stm32f10x_md.o(RESET)
    .ARM.Collect$$$$00000000                 0x080000ec   Section        0  entry.o(.ARM.Collect$$$$00000000)
    .ARM.Collect$$$$00000001                 0x080000ec   Section        4  entry2.o(.ARM.Collect$$$$00000001)
    .ARM.Collect$$$$00000004                 0x080000f0   Section        4  entry5.o(.ARM.Collect$$$$00000004)
    .ARM.Collect$$$$00000008                 0x080000f4   Section        0  entry7b.o(.ARM.Collect$$$$00000008)
    .ARM.Collect$$$$0000000A                 0x080000f4   Section        0  entry8b.o(.ARM.Collect$$$$0000000A)
    .ARM.Collect$$$$0000000B                 0x080000f4   Section        8  entry9a.o(.ARM.Collect$$$$0000000B)
    .ARM.Collect$$$$0000000D                 0x080000fc   Section        0  entry10a.o(.ARM.Collect$$$$0000000D)
    .ARM.Collect$$$$0000000F                 0x080000fc   Section        0  entry11a.o(.ARM.Collect$$$$0000000F)
    .ARM.Collect$$$$00002712                 0x080000fc   Section        4  entry2.o(.ARM.Collect$$$$00002712)
    __lit__00000000                          0x080000fc   Data           4  entry2.o(.ARM.Collect$$$$00002712)
    .text                                    0x08000100   Section       36  startup_stm32f10x_md.o(.text)
    .text                                    0x08000124   Section        0  __0sscanf.o(.text)
    .text                                    0x0800015c   Section        0  _scanf_str.o(.text)
    .text                                    0x0800023c   Section        0  scanf_fp.o(.text)
    _fp_value                                0x0800023d   Thumb Code   296  scanf_fp.o(.text)
    .text                                    0x0800059c   Section        0  fadd.o(.text)
    .text                                    0x0800064c   Section        0  fmul.o(.text)
    .text                                    0x080006b0   Section        0  dadd.o(.text)
    .text                                    0x080007fe   Section        0  ffltui.o(.text)
    .text                                    0x08000808   Section        0  ffixui.o(.text)
    .text                                    0x08000830   Section        0  dfixui.o(.text)
    .text                                    0x08000862   Section        0  f2d.o(.text)
    .text                                    0x08000888   Section       20  cfcmple.o(.text)
    .text                                    0x0800089c   Section        0  uidiv.o(.text)
    .text                                    0x080008c8   Section        0  uldiv.o(.text)
    .text                                    0x0800092a   Section        0  llshl.o(.text)
    .text                                    0x08000948   Section        0  llushr.o(.text)
    .text                                    0x08000968   Section        0  llsshr.o(.text)
    .text                                    0x0800098c   Section        0  scanf_char.o(.text)
    _scanf_char_input                        0x0800098d   Thumb Code    12  scanf_char.o(.text)
    .text                                    0x080009b4   Section        0  _sgetc.o(.text)
    .text                                    0x080009f4   Section        0  iusefp.o(.text)
    .text                                    0x080009f4   Section        0  fepilogue.o(.text)
    .text                                    0x08000a62   Section        0  depilogue.o(.text)
    .text                                    0x08000b1c   Section        0  dmul.o(.text)
    .text                                    0x08000c00   Section        0  ddiv.o(.text)
    .text                                    0x08000cde   Section        0  dfltul.o(.text)
    .text                                    0x08000cf6   Section        0  dfixul.o(.text)
    .text                                    0x08000d28   Section       48  cdrcmple.o(.text)
    .text                                    0x08000d58   Section        0  d2f.o(.text)
    .text                                    0x08000d90   Section       36  init.o(.text)
    .text                                    0x08000db4   Section        0  isspace_c.o(.text)
    .text                                    0x08000dc0   Section        0  _scanf.o(.text)
    .text                                    0x080010ec   Section        0  ctype_c.o(.text)
    i.BusFault_Handler                       0x08001114   Section        0  stm32f10x_it.o(i.BusFault_Handler)
    i.ButtonInit                             0x08001118   Section        0  motor.o(i.ButtonInit)
    i.DebugMon_Handler                       0x08001190   Section        0  stm32f10x_it.o(i.DebugMon_Handler)
    i.Delay_ms                               0x08001192   Section        0  delay.o(i.Delay_ms)
    i.Delay_us                               0x080011aa   Section        0  delay.o(i.Delay_us)
    i.EXTI0_IRQHandler                       0x080011d8   Section        0  motor.o(i.EXTI0_IRQHandler)
    i.EXTI_ClearITPendingBit                 0x08001250   Section        0  stm32f10x_exti.o(i.EXTI_ClearITPendingBit)
    i.EXTI_GetITStatus                       0x0800125c   Section        0  stm32f10x_exti.o(i.EXTI_GetITStatus)
    i.EXTI_Init                              0x08001284   Section        0  stm32f10x_exti.o(i.EXTI_Init)
    i.Encoder_DeInit                         0x08001318   Section        0  encoder.o(i.Encoder_DeInit)
    i.Encoder_Init                           0x0800135c   Section        0  encoder.o(i.Encoder_Init)
    i.GPIO_EXTILineConfig                    0x08001404   Section        0  stm32f10x_gpio.o(i.GPIO_EXTILineConfig)
    i.GPIO_Init                              0x08001444   Section        0  stm32f10x_gpio.o(i.GPIO_Init)
    i.GPIO_ReadInputDataBit                  0x0800155a   Section        0  stm32f10x_gpio.o(i.GPIO_ReadInputDataBit)
    i.GPIO_ResetBits                         0x0800156c   Section        0  stm32f10x_gpio.o(i.GPIO_ResetBits)
    i.GPIO_SetBits                           0x08001570   Section        0  stm32f10x_gpio.o(i.GPIO_SetBits)
    i.GPIO_WriteBit                          0x08001574   Section        0  stm32f10x_gpio.o(i.GPIO_WriteBit)
    i.HardFault_Handler                      0x0800157e   Section        0  stm32f10x_it.o(i.HardFault_Handler)
    i.MemManage_Handler                      0x08001582   Section        0  stm32f10x_it.o(i.MemManage_Handler)
    i.Motor1_SetPrescaler                    0x08001586   Section        0  motor.o(i.Motor1_SetPrescaler)
    i.Motor2_SetPrescaler                    0x08001596   Section        0  motor.o(i.Motor2_SetPrescaler)
    i.Motor_Init                             0x080015a8   Section        0  motor.o(i.Motor_Init)
    i.Motor_SetMode                          0x080017c4   Section        0  motor.o(i.Motor_SetMode)
    i.NMI_Handler                            0x080018c4   Section        0  stm32f10x_it.o(i.NMI_Handler)
    i.NVIC_Init                              0x080018c8   Section        0  misc.o(i.NVIC_Init)
    i.NVIC_PriorityGroupConfig               0x08001938   Section        0  misc.o(i.NVIC_PriorityGroupConfig)
    i.OLED_Clear                             0x0800194c   Section        0  oled.o(i.OLED_Clear)
    i.OLED_I2C_Init                          0x08001978   Section        0  oled.o(i.OLED_I2C_Init)
    i.OLED_I2C_SendByte                      0x080019c8   Section        0  oled.o(i.OLED_I2C_SendByte)
    i.OLED_I2C_Start                         0x08001a24   Section        0  oled.o(i.OLED_I2C_Start)
    i.OLED_I2C_Stop                          0x08001a58   Section        0  oled.o(i.OLED_I2C_Stop)
    i.OLED_Init                              0x08001a80   Section        0  oled.o(i.OLED_Init)
    i.OLED_Pow                               0x08001b2e   Section        0  oled.o(i.OLED_Pow)
    i.OLED_SetCursor                         0x08001b42   Section        0  oled.o(i.OLED_SetCursor)
    i.OLED_ShowChar                          0x08001b64   Section        0  oled.o(i.OLED_ShowChar)
    i.OLED_ShowFloat                         0x08001bd8   Section        0  oled.o(i.OLED_ShowFloat)
    i.OLED_ShowNum                           0x08001ca0   Section        0  oled.o(i.OLED_ShowNum)
    i.OLED_ShowSignedNum                     0x08001ce4   Section        0  oled.o(i.OLED_ShowSignedNum)
    i.OLED_ShowString                        0x08001d4a   Section        0  oled.o(i.OLED_ShowString)
    i.OLED_WriteCommand                      0x08001d72   Section        0  oled.o(i.OLED_WriteCommand)
    i.OLED_WriteData                         0x08001d92   Section        0  oled.o(i.OLED_WriteData)
    i.PendSV_Handler                         0x08001db2   Section        0  stm32f10x_it.o(i.PendSV_Handler)
    i.RCC_APB1PeriphClockCmd                 0x08001db4   Section        0  stm32f10x_rcc.o(i.RCC_APB1PeriphClockCmd)
    i.RCC_APB1PeriphResetCmd                 0x08001dd4   Section        0  stm32f10x_rcc.o(i.RCC_APB1PeriphResetCmd)
    i.RCC_APB2PeriphClockCmd                 0x08001df4   Section        0  stm32f10x_rcc.o(i.RCC_APB2PeriphClockCmd)
    i.RCC_APB2PeriphResetCmd                 0x08001e14   Section        0  stm32f10x_rcc.o(i.RCC_APB2PeriphResetCmd)
    i.RCC_GetClocksFreq                      0x08001e34   Section        0  stm32f10x_rcc.o(i.RCC_GetClocksFreq)
    i.SVC_Handler                            0x08001f08   Section        0  stm32f10x_it.o(i.SVC_Handler)
    i.Serial_Init                            0x08001f0c   Section        0  serial.o(i.Serial_Init)
    i.SetSysClock                            0x08001fc0   Section        0  system_stm32f10x.o(i.SetSysClock)
    SetSysClock                              0x08001fc1   Thumb Code     8  system_stm32f10x.o(i.SetSysClock)
    i.SetSysClockTo72                        0x08001fc8   Section        0  system_stm32f10x.o(i.SetSysClockTo72)
    SetSysClockTo72                          0x08001fc9   Thumb Code   214  system_stm32f10x.o(i.SetSysClockTo72)
    i.SysTick_Handler                        0x080020a8   Section        0  stm32f10x_it.o(i.SysTick_Handler)
    i.SystemInit                             0x080020ac   Section        0  system_stm32f10x.o(i.SystemInit)
    i.TI1_Config                             0x0800210c   Section        0  stm32f10x_tim.o(i.TI1_Config)
    TI1_Config                               0x0800210d   Thumb Code   108  stm32f10x_tim.o(i.TI1_Config)
    i.TI2_Config                             0x0800218c   Section        0  stm32f10x_tim.o(i.TI2_Config)
    TI2_Config                               0x0800218d   Thumb Code   130  stm32f10x_tim.o(i.TI2_Config)
    i.TI3_Config                             0x08002224   Section        0  stm32f10x_tim.o(i.TI3_Config)
    TI3_Config                               0x08002225   Thumb Code   122  stm32f10x_tim.o(i.TI3_Config)
    i.TI4_Config                             0x080022b4   Section        0  stm32f10x_tim.o(i.TI4_Config)
    TI4_Config                               0x080022b5   Thumb Code   130  stm32f10x_tim.o(i.TI4_Config)
    i.TIM1_Init                              0x0800234c   Section        0  motor.o(i.TIM1_Init)
    i.TIM_Cmd                                0x080023b0   Section        0  stm32f10x_tim.o(i.TIM_Cmd)
    i.TIM_DeInit                             0x080023c8   Section        0  stm32f10x_tim.o(i.TIM_DeInit)
    i.TIM_EncoderInterfaceConfig             0x080025b0   Section        0  stm32f10x_tim.o(i.TIM_EncoderInterfaceConfig)
    i.TIM_ICInit                             0x080025f4   Section        0  stm32f10x_tim.o(i.TIM_ICInit)
    i.TIM_ICStructInit                       0x080026a0   Section        0  stm32f10x_tim.o(i.TIM_ICStructInit)
    i.TIM_ITConfig                           0x080026b2   Section        0  stm32f10x_tim.o(i.TIM_ITConfig)
    i.TIM_OC3Init                            0x080026c4   Section        0  stm32f10x_tim.o(i.TIM_OC3Init)
    i.TIM_OC4Init                            0x08002764   Section        0  stm32f10x_tim.o(i.TIM_OC4Init)
    i.TIM_OCStructInit                       0x080027e0   Section        0  stm32f10x_tim.o(i.TIM_OCStructInit)
    i.TIM_PrescalerConfig                    0x080027f4   Section        0  stm32f10x_tim.o(i.TIM_PrescalerConfig)
    i.TIM_SetCounter                         0x080027fa   Section        0  stm32f10x_tim.o(i.TIM_SetCounter)
    i.TIM_SetIC1Prescaler                    0x080027fe   Section        0  stm32f10x_tim.o(i.TIM_SetIC1Prescaler)
    i.TIM_SetIC2Prescaler                    0x08002810   Section        0  stm32f10x_tim.o(i.TIM_SetIC2Prescaler)
    i.TIM_SetIC3Prescaler                    0x0800282a   Section        0  stm32f10x_tim.o(i.TIM_SetIC3Prescaler)
    i.TIM_SetIC4Prescaler                    0x0800283c   Section        0  stm32f10x_tim.o(i.TIM_SetIC4Prescaler)
    i.TIM_TimeBaseInit                       0x08002858   Section        0  stm32f10x_tim.o(i.TIM_TimeBaseInit)
    i.USART1_IRQHandler                      0x080028fc   Section        0  serial.o(i.USART1_IRQHandler)
    i.USART_ClearITPendingBit                0x0800299c   Section        0  stm32f10x_usart.o(i.USART_ClearITPendingBit)
    i.USART_Cmd                              0x080029ba   Section        0  stm32f10x_usart.o(i.USART_Cmd)
    i.USART_GetITStatus                      0x080029d2   Section        0  stm32f10x_usart.o(i.USART_GetITStatus)
    i.USART_ITConfig                         0x08002a26   Section        0  stm32f10x_usart.o(i.USART_ITConfig)
    i.USART_Init                             0x08002a70   Section        0  stm32f10x_usart.o(i.USART_Init)
    i.USART_ReceiveData                      0x08002b48   Section        0  stm32f10x_usart.o(i.USART_ReceiveData)
    i.UsageFault_Handler                     0x08002b52   Section        0  stm32f10x_it.o(i.UsageFault_Handler)
    i.__0sprintf                             0x08002b58   Section        0  printfa.o(i.__0sprintf)
    i.__scatterload_copy                     0x08002b80   Section       14  handlers.o(i.__scatterload_copy)
    i.__scatterload_null                     0x08002b8e   Section        2  handlers.o(i.__scatterload_null)
    i.__scatterload_zeroinit                 0x08002b90   Section       14  handlers.o(i.__scatterload_zeroinit)
    i._fp_digits                             0x08002ba0   Section        0  printfa.o(i._fp_digits)
    _fp_digits                               0x08002ba1   Thumb Code   366  printfa.o(i._fp_digits)
    i._is_digit                              0x08002d24   Section        0  scanf_fp.o(i._is_digit)
    i._printf_core                           0x08002d34   Section        0  printfa.o(i._printf_core)
    _printf_core                             0x08002d35   Thumb Code  1744  printfa.o(i._printf_core)
    i._printf_post_padding                   0x08003410   Section        0  printfa.o(i._printf_post_padding)
    _printf_post_padding                     0x08003411   Thumb Code    36  printfa.o(i._printf_post_padding)
    i._printf_pre_padding                    0x08003434   Section        0  printfa.o(i._printf_pre_padding)
    _printf_pre_padding                      0x08003435   Thumb Code    46  printfa.o(i._printf_pre_padding)
    i._sputc                                 0x08003462   Section        0  printfa.o(i._sputc)
    _sputc                                   0x08003463   Thumb Code    10  printfa.o(i._sputc)
    i.main                                   0x0800346c   Section        0  main.o(i.main)
    i.processCmd                             0x08003674   Section        0  serial.o(i.processCmd)
    .constdata                               0x0800379c   Section     1520  oled.o(.constdata)
    .constdata                               0x08003d8c   Section       64  ctype_c.o(.constdata)
    .data                                    0x20000000   Section       20  stm32f10x_rcc.o(.data)
    APBAHBPrescTable                         0x20000000   Data          16  stm32f10x_rcc.o(.data)
    ADCPrescTable                            0x20000010   Data           4  stm32f10x_rcc.o(.data)
    .data                                    0x20000014   Section        4  serial.o(.data)
    RxState                                  0x20000016   Data           1  serial.o(.data)
    pRxPacket                                0x20000017   Data           1  serial.o(.data)
    .data                                    0x20000018   Section      148  main.o(.data)
    .bss                                     0x200000ac   Section      100  serial.o(.bss)
    STACK                                    0x20000110   Section     1024  startup_stm32f10x_md.o(STACK)

    Global Symbols

    Symbol Name                              Value     Ov Type        Size  Object(Section)

    BuildAttributes$$THM_ISAv4$P$D$K$B$S$PE$A:L22UL41UL21$X:L11$S22US41US21$IEEE1$IW$USESV6$~STKCKD$USESV7$~SHL$OTIME$ROPI$EBA8$MICROLIB$REQ8$PRES8$EABIv2 0x00000000   Number         0  anon$$obj.o ABSOLUTE
    __ARM_use_no_argv                        0x00000000   Number         0  main.o ABSOLUTE
    _printf_a                                0x00000000   Number         0  stubs.o ABSOLUTE
    _printf_c                                0x00000000   Number         0  stubs.o ABSOLUTE
    _printf_charcount                        0x00000000   Number         0  stubs.o ABSOLUTE
    _printf_d                                0x00000000   Number         0  stubs.o ABSOLUTE
    _printf_e                                0x00000000   Number         0  stubs.o ABSOLUTE
    _printf_f                                0x00000000   Number         0  stubs.o ABSOLUTE
    _printf_flags                            0x00000000   Number         0  stubs.o ABSOLUTE
    _printf_fp_dec                           0x00000000   Number         0  stubs.o ABSOLUTE
    _printf_fp_hex                           0x00000000   Number         0  stubs.o ABSOLUTE
    _printf_g                                0x00000000   Number         0  stubs.o ABSOLUTE
    _printf_i                                0x00000000   Number         0  stubs.o ABSOLUTE
    _printf_int_dec                          0x00000000   Number         0  stubs.o ABSOLUTE
    _printf_l                                0x00000000   Number         0  stubs.o ABSOLUTE
    _printf_lc                               0x00000000   Number         0  stubs.o ABSOLUTE
    _printf_ll                               0x00000000   Number         0  stubs.o ABSOLUTE
    _printf_lld                              0x00000000   Number         0  stubs.o ABSOLUTE
    _printf_lli                              0x00000000   Number         0  stubs.o ABSOLUTE
    _printf_llo                              0x00000000   Number         0  stubs.o ABSOLUTE
    _printf_llu                              0x00000000   Number         0  stubs.o ABSOLUTE
    _printf_llx                              0x00000000   Number         0  stubs.o ABSOLUTE
    _printf_longlong_dec                     0x00000000   Number         0  stubs.o ABSOLUTE
    _printf_longlong_hex                     0x00000000   Number         0  stubs.o ABSOLUTE
    _printf_longlong_oct                     0x00000000   Number         0  stubs.o ABSOLUTE
    _printf_ls                               0x00000000   Number         0  stubs.o ABSOLUTE
    _printf_mbtowc                           0x00000000   Number         0  stubs.o ABSOLUTE
    _printf_n                                0x00000000   Number         0  stubs.o ABSOLUTE
    _printf_o                                0x00000000   Number         0  stubs.o ABSOLUTE
    _printf_p                                0x00000000   Number         0  stubs.o ABSOLUTE
    _printf_percent                          0x00000000   Number         0  stubs.o ABSOLUTE
    _printf_pre_padding                      0x00000000   Number         0  stubs.o ABSOLUTE
    _printf_return_value                     0x00000000   Number         0  stubs.o ABSOLUTE
    _printf_s                                0x00000000   Number         0  stubs.o ABSOLUTE
    _printf_sizespec                         0x00000000   Number         0  stubs.o ABSOLUTE
    _printf_str                              0x00000000   Number         0  stubs.o ABSOLUTE
    _printf_truncate_signed                  0x00000000   Number         0  stubs.o ABSOLUTE
    _printf_truncate_unsigned                0x00000000   Number         0  stubs.o ABSOLUTE
    _printf_u                                0x00000000   Number         0  stubs.o ABSOLUTE
    _printf_wc                               0x00000000   Number         0  stubs.o ABSOLUTE
    _printf_wctomb                           0x00000000   Number         0  stubs.o ABSOLUTE
    _printf_widthprec                        0x00000000   Number         0  stubs.o ABSOLUTE
    _printf_x                                0x00000000   Number         0  stubs.o ABSOLUTE
    __cpp_initialize__aeabi_                  - Undefined Weak Reference
    __cxa_finalize                            - Undefined Weak Reference
    __decompress                              - Undefined Weak Reference
    _clock_init                               - Undefined Weak Reference
    _microlib_exit                            - Undefined Weak Reference
    _scanf_int                                - Undefined Weak Reference
    _scanf_longlong                           - Undefined Weak Reference
    __Vectors_Size                           0x000000ec   Number         0  startup_stm32f10x_md.o ABSOLUTE
    __Vectors                                0x08000000   Data           4  startup_stm32f10x_md.o(RESET)
    __Vectors_End                            0x080000ec   Data           0  startup_stm32f10x_md.o(RESET)
    __main                                   0x080000ed   Thumb Code     0  entry.o(.ARM.Collect$$$$00000000)
    _main_stk                                0x080000ed   Thumb Code     0  entry2.o(.ARM.Collect$$$$00000001)
    _main_scatterload                        0x080000f1   Thumb Code     0  entry5.o(.ARM.Collect$$$$00000004)
    __main_after_scatterload                 0x080000f5   Thumb Code     0  entry5.o(.ARM.Collect$$$$00000004)
    _main_clock                              0x080000f5   Thumb Code     0  entry7b.o(.ARM.Collect$$$$00000008)
    _main_cpp_init                           0x080000f5   Thumb Code     0  entry8b.o(.ARM.Collect$$$$0000000A)
    _main_init                               0x080000f5   Thumb Code     0  entry9a.o(.ARM.Collect$$$$0000000B)
    __rt_final_cpp                           0x080000fd   Thumb Code     0  entry10a.o(.ARM.Collect$$$$0000000D)
    __rt_final_exit                          0x080000fd   Thumb Code     0  entry11a.o(.ARM.Collect$$$$0000000F)
    Reset_Handler                            0x08000101   Thumb Code     8  startup_stm32f10x_md.o(.text)
    ADC1_2_IRQHandler                        0x0800011b   Thumb Code     0  startup_stm32f10x_md.o(.text)
    CAN1_RX1_IRQHandler                      0x0800011b   Thumb Code     0  startup_stm32f10x_md.o(.text)
    CAN1_SCE_IRQHandler                      0x0800011b   Thumb Code     0  startup_stm32f10x_md.o(.text)
    DMA1_Channel1_IRQHandler                 0x0800011b   Thumb Code     0  startup_stm32f10x_md.o(.text)
    DMA1_Channel2_IRQHandler                 0x0800011b   Thumb Code     0  startup_stm32f10x_md.o(.text)
    DMA1_Channel3_IRQHandler                 0x0800011b   Thumb Code     0  startup_stm32f10x_md.o(.text)
    DMA1_Channel4_IRQHandler                 0x0800011b   Thumb Code     0  startup_stm32f10x_md.o(.text)
    DMA1_Channel5_IRQHandler                 0x0800011b   Thumb Code     0  startup_stm32f10x_md.o(.text)
    DMA1_Channel6_IRQHandler                 0x0800011b   Thumb Code     0  startup_stm32f10x_md.o(.text)
    DMA1_Channel7_IRQHandler                 0x0800011b   Thumb Code     0  startup_stm32f10x_md.o(.text)
    EXTI15_10_IRQHandler                     0x0800011b   Thumb Code     0  startup_stm32f10x_md.o(.text)
    EXTI1_IRQHandler                         0x0800011b   Thumb Code     0  startup_stm32f10x_md.o(.text)
    EXTI2_IRQHandler                         0x0800011b   Thumb Code     0  startup_stm32f10x_md.o(.text)
    EXTI3_IRQHandler                         0x0800011b   Thumb Code     0  startup_stm32f10x_md.o(.text)
    EXTI4_IRQHandler                         0x0800011b   Thumb Code     0  startup_stm32f10x_md.o(.text)
    EXTI9_5_IRQHandler                       0x0800011b   Thumb Code     0  startup_stm32f10x_md.o(.text)
    FLASH_IRQHandler                         0x0800011b   Thumb Code     0  startup_stm32f10x_md.o(.text)
    I2C1_ER_IRQHandler                       0x0800011b   Thumb Code     0  startup_stm32f10x_md.o(.text)
    I2C1_EV_IRQHandler                       0x0800011b   Thumb Code     0  startup_stm32f10x_md.o(.text)
    I2C2_ER_IRQHandler                       0x0800011b   Thumb Code     0  startup_stm32f10x_md.o(.text)
    I2C2_EV_IRQHandler                       0x0800011b   Thumb Code     0  startup_stm32f10x_md.o(.text)
    PVD_IRQHandler                           0x0800011b   Thumb Code     0  startup_stm32f10x_md.o(.text)
    RCC_IRQHandler                           0x0800011b   Thumb Code     0  startup_stm32f10x_md.o(.text)
    RTCAlarm_IRQHandler                      0x0800011b   Thumb Code     0  startup_stm32f10x_md.o(.text)
    RTC_IRQHandler                           0x0800011b   Thumb Code     0  startup_stm32f10x_md.o(.text)
    SPI1_IRQHandler                          0x0800011b   Thumb Code     0  startup_stm32f10x_md.o(.text)
    SPI2_IRQHandler                          0x0800011b   Thumb Code     0  startup_stm32f10x_md.o(.text)
    TAMPER_IRQHandler                        0x0800011b   Thumb Code     0  startup_stm32f10x_md.o(.text)
    TIM1_BRK_IRQHandler                      0x0800011b   Thumb Code     0  startup_stm32f10x_md.o(.text)
    TIM1_CC_IRQHandler                       0x0800011b   Thumb Code     0  startup_stm32f10x_md.o(.text)
    TIM1_TRG_COM_IRQHandler                  0x0800011b   Thumb Code     0  startup_stm32f10x_md.o(.text)
    TIM1_UP_IRQHandler                       0x0800011b   Thumb Code     0  startup_stm32f10x_md.o(.text)
    TIM2_IRQHandler                          0x0800011b   Thumb Code     0  startup_stm32f10x_md.o(.text)
    TIM3_IRQHandler                          0x0800011b   Thumb Code     0  startup_stm32f10x_md.o(.text)
    TIM4_IRQHandler                          0x0800011b   Thumb Code     0  startup_stm32f10x_md.o(.text)
    USART2_IRQHandler                        0x0800011b   Thumb Code     0  startup_stm32f10x_md.o(.text)
    USART3_IRQHandler                        0x0800011b   Thumb Code     0  startup_stm32f10x_md.o(.text)
    USBWakeUp_IRQHandler                     0x0800011b   Thumb Code     0  startup_stm32f10x_md.o(.text)
    USB_HP_CAN1_TX_IRQHandler                0x0800011b   Thumb Code     0  startup_stm32f10x_md.o(.text)
    USB_LP_CAN1_RX0_IRQHandler               0x0800011b   Thumb Code     0  startup_stm32f10x_md.o(.text)
    WWDG_IRQHandler                          0x0800011b   Thumb Code     0  startup_stm32f10x_md.o(.text)
    __0sscanf                                0x08000125   Thumb Code    48  __0sscanf.o(.text)
    _scanf_string                            0x0800015d   Thumb Code   224  _scanf_str.o(.text)
    _scanf_real                              0x08000365   Thumb Code     0  scanf_fp.o(.text)
    _scanf_really_real                       0x08000365   Thumb Code   556  scanf_fp.o(.text)
    __aeabi_fadd                             0x0800059d   Thumb Code   164  fadd.o(.text)
    __aeabi_fsub                             0x08000641   Thumb Code     6  fadd.o(.text)
    __aeabi_frsub                            0x08000647   Thumb Code     6  fadd.o(.text)
    __aeabi_fmul                             0x0800064d   Thumb Code   100  fmul.o(.text)
    __aeabi_dadd                             0x080006b1   Thumb Code   322  dadd.o(.text)
    __aeabi_dsub                             0x080007f3   Thumb Code     6  dadd.o(.text)
    __aeabi_drsub                            0x080007f9   Thumb Code     6  dadd.o(.text)
    __aeabi_ui2f                             0x080007ff   Thumb Code    10  ffltui.o(.text)
    __aeabi_f2uiz                            0x08000809   Thumb Code    40  ffixui.o(.text)
    __aeabi_d2uiz                            0x08000831   Thumb Code    50  dfixui.o(.text)
    __aeabi_f2d                              0x08000863   Thumb Code    38  f2d.o(.text)
    __aeabi_cfcmpeq                          0x08000889   Thumb Code     0  cfcmple.o(.text)
    __aeabi_cfcmple                          0x08000889   Thumb Code    20  cfcmple.o(.text)
    __aeabi_uidiv                            0x0800089d   Thumb Code     0  uidiv.o(.text)
    __aeabi_uidivmod                         0x0800089d   Thumb Code    44  uidiv.o(.text)
    __aeabi_uldivmod                         0x080008c9   Thumb Code    98  uldiv.o(.text)
    __aeabi_llsl                             0x0800092b   Thumb Code    30  llshl.o(.text)
    _ll_shift_l                              0x0800092b   Thumb Code     0  llshl.o(.text)
    __aeabi_llsr                             0x08000949   Thumb Code    32  llushr.o(.text)
    _ll_ushift_r                             0x08000949   Thumb Code     0  llushr.o(.text)
    __aeabi_lasr                             0x08000969   Thumb Code    36  llsshr.o(.text)
    _ll_sshift_r                             0x08000969   Thumb Code     0  llsshr.o(.text)
    __vfscanf_char                           0x08000999   Thumb Code    20  scanf_char.o(.text)
    _sgetc                                   0x080009b5   Thumb Code    30  _sgetc.o(.text)
    _sbackspace                              0x080009d3   Thumb Code    34  _sgetc.o(.text)
    __I$use$fp                               0x080009f5   Thumb Code     0  iusefp.o(.text)
    _float_round                             0x080009f5   Thumb Code    18  fepilogue.o(.text)
    _float_epilogue                          0x08000a07   Thumb Code    92  fepilogue.o(.text)
    _double_round                            0x08000a63   Thumb Code    30  depilogue.o(.text)
    _double_epilogue                         0x08000a81   Thumb Code   156  depilogue.o(.text)
    __aeabi_dmul                             0x08000b1d   Thumb Code   228  dmul.o(.text)
    __aeabi_ddiv                             0x08000c01   Thumb Code   222  ddiv.o(.text)
    __aeabi_ul2d                             0x08000cdf   Thumb Code    24  dfltul.o(.text)
    __aeabi_d2ulz                            0x08000cf7   Thumb Code    48  dfixul.o(.text)
    __aeabi_cdrcmple                         0x08000d29   Thumb Code    48  cdrcmple.o(.text)
    __aeabi_d2f                              0x08000d59   Thumb Code    56  d2f.o(.text)
    __scatterload                            0x08000d91   Thumb Code    28  init.o(.text)
    __scatterload_rt2                        0x08000d91   Thumb Code     0  init.o(.text)
    isspace                                  0x08000db5   Thumb Code    10  isspace_c.o(.text)
    __vfscanf                                0x08000dc1   Thumb Code   808  _scanf.o(.text)
    __ctype_lookup                           0x080010ed   Thumb Code    34  ctype_c.o(.text)
    BusFault_Handler                         0x08001115   Thumb Code     4  stm32f10x_it.o(i.BusFault_Handler)
    ButtonInit                               0x08001119   Thumb Code   116  motor.o(i.ButtonInit)
    DebugMon_Handler                         0x08001191   Thumb Code     2  stm32f10x_it.o(i.DebugMon_Handler)
    Delay_ms                                 0x08001193   Thumb Code    24  delay.o(i.Delay_ms)
    Delay_us                                 0x080011ab   Thumb Code    46  delay.o(i.Delay_us)
    EXTI0_IRQHandler                         0x080011d9   Thumb Code    98  motor.o(i.EXTI0_IRQHandler)
    EXTI_ClearITPendingBit                   0x08001251   Thumb Code     6  stm32f10x_exti.o(i.EXTI_ClearITPendingBit)
    EXTI_GetITStatus                         0x0800125d   Thumb Code    34  stm32f10x_exti.o(i.EXTI_GetITStatus)
    EXTI_Init                                0x08001285   Thumb Code   142  stm32f10x_exti.o(i.EXTI_Init)
    Encoder_DeInit                           0x08001319   Thumb Code    60  encoder.o(i.Encoder_DeInit)
    Encoder_Init                             0x0800135d   Thumb Code   160  encoder.o(i.Encoder_Init)
    GPIO_EXTILineConfig                      0x08001405   Thumb Code    60  stm32f10x_gpio.o(i.GPIO_EXTILineConfig)
    GPIO_Init                                0x08001445   Thumb Code   278  stm32f10x_gpio.o(i.GPIO_Init)
    GPIO_ReadInputDataBit                    0x0800155b   Thumb Code    18  stm32f10x_gpio.o(i.GPIO_ReadInputDataBit)
    GPIO_ResetBits                           0x0800156d   Thumb Code     4  stm32f10x_gpio.o(i.GPIO_ResetBits)
    GPIO_SetBits                             0x08001571   Thumb Code     4  stm32f10x_gpio.o(i.GPIO_SetBits)
    GPIO_WriteBit                            0x08001575   Thumb Code    10  stm32f10x_gpio.o(i.GPIO_WriteBit)
    HardFault_Handler                        0x0800157f   Thumb Code     4  stm32f10x_it.o(i.HardFault_Handler)
    MemManage_Handler                        0x08001583   Thumb Code     4  stm32f10x_it.o(i.MemManage_Handler)
    Motor1_SetPrescaler                      0x08001587   Thumb Code    16  motor.o(i.Motor1_SetPrescaler)
    Motor2_SetPrescaler                      0x08001597   Thumb Code    16  motor.o(i.Motor2_SetPrescaler)
    Motor_Init                               0x080015a9   Thumb Code   522  motor.o(i.Motor_Init)
    Motor_SetMode                            0x080017c5   Thumb Code   242  motor.o(i.Motor_SetMode)
    NMI_Handler                              0x080018c5   Thumb Code     2  stm32f10x_it.o(i.NMI_Handler)
    NVIC_Init                                0x080018c9   Thumb Code   100  misc.o(i.NVIC_Init)
    NVIC_PriorityGroupConfig                 0x08001939   Thumb Code    10  misc.o(i.NVIC_PriorityGroupConfig)
    OLED_Clear                               0x0800194d   Thumb Code    42  oled.o(i.OLED_Clear)
    OLED_I2C_Init                            0x08001979   Thumb Code    76  oled.o(i.OLED_I2C_Init)
    OLED_I2C_SendByte                        0x080019c9   Thumb Code    88  oled.o(i.OLED_I2C_SendByte)
    OLED_I2C_Start                           0x08001a25   Thumb Code    48  oled.o(i.OLED_I2C_Start)
    OLED_I2C_Stop                            0x08001a59   Thumb Code    36  oled.o(i.OLED_I2C_Stop)
    OLED_Init                                0x08001a81   Thumb Code   174  oled.o(i.OLED_Init)
    OLED_Pow                                 0x08001b2f   Thumb Code    20  oled.o(i.OLED_Pow)
    OLED_SetCursor                           0x08001b43   Thumb Code    34  oled.o(i.OLED_SetCursor)
    OLED_ShowChar                            0x08001b65   Thumb Code   110  oled.o(i.OLED_ShowChar)
    OLED_ShowFloat                           0x08001bd9   Thumb Code   172  oled.o(i.OLED_ShowFloat)
    OLED_ShowNum                             0x08001ca1   Thumb Code    68  oled.o(i.OLED_ShowNum)
    OLED_ShowSignedNum                       0x08001ce5   Thumb Code   102  oled.o(i.OLED_ShowSignedNum)
    OLED_ShowString                          0x08001d4b   Thumb Code    40  oled.o(i.OLED_ShowString)
    OLED_WriteCommand                        0x08001d73   Thumb Code    32  oled.o(i.OLED_WriteCommand)
    OLED_WriteData                           0x08001d93   Thumb Code    32  oled.o(i.OLED_WriteData)
    PendSV_Handler                           0x08001db3   Thumb Code     2  stm32f10x_it.o(i.PendSV_Handler)
    RCC_APB1PeriphClockCmd                   0x08001db5   Thumb Code    26  stm32f10x_rcc.o(i.RCC_APB1PeriphClockCmd)
    RCC_APB1PeriphResetCmd                   0x08001dd5   Thumb Code    26  stm32f10x_rcc.o(i.RCC_APB1PeriphResetCmd)
    RCC_APB2PeriphClockCmd                   0x08001df5   Thumb Code    26  stm32f10x_rcc.o(i.RCC_APB2PeriphClockCmd)
    RCC_APB2PeriphResetCmd                   0x08001e15   Thumb Code    26  stm32f10x_rcc.o(i.RCC_APB2PeriphResetCmd)
    RCC_GetClocksFreq                        0x08001e35   Thumb Code   192  stm32f10x_rcc.o(i.RCC_GetClocksFreq)
    SVC_Handler                              0x08001f09   Thumb Code     2  stm32f10x_it.o(i.SVC_Handler)
    Serial_Init                              0x08001f0d   Thumb Code   172  serial.o(i.Serial_Init)
    SysTick_Handler                          0x080020a9   Thumb Code     2  stm32f10x_it.o(i.SysTick_Handler)
    SystemInit                               0x080020ad   Thumb Code    78  system_stm32f10x.o(i.SystemInit)
    TIM1_Init                                0x0800234d   Thumb Code    94  motor.o(i.TIM1_Init)
    TIM_Cmd                                  0x080023b1   Thumb Code    24  stm32f10x_tim.o(i.TIM_Cmd)
    TIM_DeInit                               0x080023c9   Thumb Code   424  stm32f10x_tim.o(i.TIM_DeInit)
    TIM_EncoderInterfaceConfig               0x080025b1   Thumb Code    66  stm32f10x_tim.o(i.TIM_EncoderInterfaceConfig)
    TIM_ICInit                               0x080025f5   Thumb Code   150  stm32f10x_tim.o(i.TIM_ICInit)
    TIM_ICStructInit                         0x080026a1   Thumb Code    18  stm32f10x_tim.o(i.TIM_ICStructInit)
    TIM_ITConfig                             0x080026b3   Thumb Code    18  stm32f10x_tim.o(i.TIM_ITConfig)
    TIM_OC3Init                              0x080026c5   Thumb Code   150  stm32f10x_tim.o(i.TIM_OC3Init)
    TIM_OC4Init                              0x08002765   Thumb Code   114  stm32f10x_tim.o(i.TIM_OC4Init)
    TIM_OCStructInit                         0x080027e1   Thumb Code    20  stm32f10x_tim.o(i.TIM_OCStructInit)
    TIM_PrescalerConfig                      0x080027f5   Thumb Code     6  stm32f10x_tim.o(i.TIM_PrescalerConfig)
    TIM_SetCounter                           0x080027fb   Thumb Code     4  stm32f10x_tim.o(i.TIM_SetCounter)
    TIM_SetIC1Prescaler                      0x080027ff   Thumb Code    18  stm32f10x_tim.o(i.TIM_SetIC1Prescaler)
    TIM_SetIC2Prescaler                      0x08002811   Thumb Code    26  stm32f10x_tim.o(i.TIM_SetIC2Prescaler)
    TIM_SetIC3Prescaler                      0x0800282b   Thumb Code    18  stm32f10x_tim.o(i.TIM_SetIC3Prescaler)
    TIM_SetIC4Prescaler                      0x0800283d   Thumb Code    26  stm32f10x_tim.o(i.TIM_SetIC4Prescaler)
    TIM_TimeBaseInit                         0x08002859   Thumb Code   122  stm32f10x_tim.o(i.TIM_TimeBaseInit)
    USART1_IRQHandler                        0x080028fd   Thumb Code   140  serial.o(i.USART1_IRQHandler)
    USART_ClearITPendingBit                  0x0800299d   Thumb Code    30  stm32f10x_usart.o(i.USART_ClearITPendingBit)
    USART_Cmd                                0x080029bb   Thumb Code    24  stm32f10x_usart.o(i.USART_Cmd)
    USART_GetITStatus                        0x080029d3   Thumb Code    84  stm32f10x_usart.o(i.USART_GetITStatus)
    USART_ITConfig                           0x08002a27   Thumb Code    74  stm32f10x_usart.o(i.USART_ITConfig)
    USART_Init                               0x08002a71   Thumb Code   210  stm32f10x_usart.o(i.USART_Init)
    USART_ReceiveData                        0x08002b49   Thumb Code    10  stm32f10x_usart.o(i.USART_ReceiveData)
    UsageFault_Handler                       0x08002b53   Thumb Code     4  stm32f10x_it.o(i.UsageFault_Handler)
    __0sprintf                               0x08002b59   Thumb Code    34  printfa.o(i.__0sprintf)
    __1sprintf                               0x08002b59   Thumb Code     0  printfa.o(i.__0sprintf)
    __2sprintf                               0x08002b59   Thumb Code     0  printfa.o(i.__0sprintf)
    __c89sprintf                             0x08002b59   Thumb Code     0  printfa.o(i.__0sprintf)
    sprintf                                  0x08002b59   Thumb Code     0  printfa.o(i.__0sprintf)
    __scatterload_copy                       0x08002b81   Thumb Code    14  handlers.o(i.__scatterload_copy)
    __scatterload_null                       0x08002b8f   Thumb Code     2  handlers.o(i.__scatterload_null)
    __scatterload_zeroinit                   0x08002b91   Thumb Code    14  handlers.o(i.__scatterload_zeroinit)
    _is_digit                                0x08002d25   Thumb Code    14  scanf_fp.o(i._is_digit)
    main                                     0x0800346d   Thumb Code   446  main.o(i.main)
    processCmd                               0x08003675   Thumb Code   228  serial.o(i.processCmd)
    OLED_F8x16                               0x0800379c   Data        1520  oled.o(.constdata)
    __ctype_categories                       0x08003d8c   Data          64  ctype_c.o(.constdata)
    Region$$Table$$Base                      0x08003dcc   Number         0  anon$$obj.o(Region$$Table)
    Region$$Table$$Limit                     0x08003dec   Number         0  anon$$obj.o(Region$$Table)
    Serial_RxData                            0x20000014   Data           1  serial.o(.data)
    Serial_RxFlag                            0x20000015   Data           1  serial.o(.data)
    g_oled_clear_request                     0x20000018   Data           4  main.o(.data)
    g_encoder_init                           0x2000001c   Data           4  main.o(.data)
    g_encoder_deinit                         0x20000020   Data           4  main.o(.data)
    g_oled_show_oneplus_request              0x20000024   Data           4  main.o(.data)
    test                                     0x20000028   Data           1  main.o(.data)
    Encoder_Count                            0x2000002a   Data           2  main.o(.data)
    Motor1_Mode                              0x2000002c   Data           1  main.o(.data)
    Motor2_Mode                              0x2000002d   Data           1  main.o(.data)
    Motor1_Speed                             0x2000002e   Data           2  main.o(.data)
    Motor2_Speed                             0x20000030   Data           2  main.o(.data)
    Motor1_Position                          0x20000034   Data           4  main.o(.data)
    Motor2_Position                          0x20000038   Data           4  main.o(.data)
    pid_subject                              0x2000003c   Data           4  main.o(.data)
    Target                                   0x20000040   Data           4  main.o(.data)
    Actual                                   0x20000044   Data           4  main.o(.data)
    Out                                      0x20000048   Data           4  main.o(.data)
    Kp                                       0x2000004c   Data           4  main.o(.data)
    Ki                                       0x20000050   Data           4  main.o(.data)
    Kd                                       0x20000054   Data           4  main.o(.data)
    Error0                                   0x20000058   Data           4  main.o(.data)
    Error1                                   0x2000005c   Data           4  main.o(.data)
    Error2                                   0x20000060   Data           4  main.o(.data)
    OuterTarget                              0x20000064   Data           4  main.o(.data)
    OuterActual                              0x20000068   Data           4  main.o(.data)
    OuterOut                                 0x2000006c   Data           4  main.o(.data)
    OuterKp                                  0x20000070   Data           4  main.o(.data)
    OuterKi                                  0x20000074   Data           4  main.o(.data)
    OuterKd                                  0x20000078   Data           4  main.o(.data)
    OuterError0                              0x2000007c   Data           4  main.o(.data)
    OuterError1                              0x20000080   Data           4  main.o(.data)
    OuterError2                              0x20000084   Data           4  main.o(.data)
    Motor2_Target                            0x20000088   Data           4  main.o(.data)
    Motor2_Actual                            0x2000008c   Data           4  main.o(.data)
    Motor2_Out                               0x20000090   Data           4  main.o(.data)
    Motor2_Kp                                0x20000094   Data           4  main.o(.data)
    Motor2_Ki                                0x20000098   Data           4  main.o(.data)
    Motor2_Kd                                0x2000009c   Data           4  main.o(.data)
    Motor2_Error0                            0x200000a0   Data           4  main.o(.data)
    Motor2_Error1                            0x200000a4   Data           4  main.o(.data)
    Motor2_Error2                            0x200000a8   Data           4  main.o(.data)
    Serial_RxPacket                          0x200000ac   Data         100  serial.o(.bss)
    __initial_sp                             0x20000510   Data           0  startup_stm32f10x_md.o(STACK)



==============================================================================

Memory Map of the image

  Image Entry point : 0x080000ed

  Load Region LR_IROM1 (Base: 0x08000000, Size: 0x00003e98, Max: 0x00010000, ABSOLUTE)

    Execution Region ER_IROM1 (Exec base: 0x08000000, Load base: 0x08000000, Size: 0x00003dec, Max: 0x00010000, ABSOLUTE)

    Exec Addr    Load Addr    Size         Type   Attr      Idx    E Section Name        Object

    0x08000000   0x08000000   0x000000ec   Data   RO           19    RESET               startup_stm32f10x_md.o
    0x080000ec   0x080000ec   0x00000000   Code   RO         3832  * .ARM.Collect$$$$00000000  mc_w.l(entry.o)
    0x080000ec   0x080000ec   0x00000004   Code   RO         4128    .ARM.Collect$$$$00000001  mc_w.l(entry2.o)
    0x080000f0   0x080000f0   0x00000004   Code   RO         4131    .ARM.Collect$$$$00000004  mc_w.l(entry5.o)
    0x080000f4   0x080000f4   0x00000000   Code   RO         4133    .ARM.Collect$$$$00000008  mc_w.l(entry7b.o)
    0x080000f4   0x080000f4   0x00000000   Code   RO         4135    .ARM.Collect$$$$0000000A  mc_w.l(entry8b.o)
    0x080000f4   0x080000f4   0x00000008   Code   RO         4136    .ARM.Collect$$$$0000000B  mc_w.l(entry9a.o)
    0x080000fc   0x080000fc   0x00000000   Code   RO         4138    .ARM.Collect$$$$0000000D  mc_w.l(entry10a.o)
    0x080000fc   0x080000fc   0x00000000   Code   RO         4140    .ARM.Collect$$$$0000000F  mc_w.l(entry11a.o)
    0x080000fc   0x080000fc   0x00000004   Code   RO         4129    .ARM.Collect$$$$00002712  mc_w.l(entry2.o)
    0x08000100   0x08000100   0x00000024   Code   RO           20    .text               startup_stm32f10x_md.o
    0x08000124   0x08000124   0x00000038   Code   RO         4096    .text               mc_w.l(__0sscanf.o)
    0x0800015c   0x0800015c   0x000000e0   Code   RO         4098    .text               mc_w.l(_scanf_str.o)
    0x0800023c   0x0800023c   0x00000360   Code   RO         4100    .text               mc_w.l(scanf_fp.o)
    0x0800059c   0x0800059c   0x000000b0   Code   RO         4104    .text               mf_w.l(fadd.o)
    0x0800064c   0x0800064c   0x00000064   Code   RO         4106    .text               mf_w.l(fmul.o)
    0x080006b0   0x080006b0   0x0000014e   Code   RO         4108    .text               mf_w.l(dadd.o)
    0x080007fe   0x080007fe   0x0000000a   Code   RO         4112    .text               mf_w.l(ffltui.o)
    0x08000808   0x08000808   0x00000028   Code   RO         4116    .text               mf_w.l(ffixui.o)
    0x08000830   0x08000830   0x00000032   Code   RO         4118    .text               mf_w.l(dfixui.o)
    0x08000862   0x08000862   0x00000026   Code   RO         4120    .text               mf_w.l(f2d.o)
    0x08000888   0x08000888   0x00000014   Code   RO         4124    .text               mf_w.l(cfcmple.o)
    0x0800089c   0x0800089c   0x0000002c   Code   RO         4143    .text               mc_w.l(uidiv.o)
    0x080008c8   0x080008c8   0x00000062   Code   RO         4145    .text               mc_w.l(uldiv.o)
    0x0800092a   0x0800092a   0x0000001e   Code   RO         4147    .text               mc_w.l(llshl.o)
    0x08000948   0x08000948   0x00000020   Code   RO         4149    .text               mc_w.l(llushr.o)
    0x08000968   0x08000968   0x00000024   Code   RO         4151    .text               mc_w.l(llsshr.o)
    0x0800098c   0x0800098c   0x00000028   Code   RO         4153    .text               mc_w.l(scanf_char.o)
    0x080009b4   0x080009b4   0x00000040   Code   RO         4155    .text               mc_w.l(_sgetc.o)
    0x080009f4   0x080009f4   0x00000000   Code   RO         4157    .text               mc_w.l(iusefp.o)
    0x080009f4   0x080009f4   0x0000006e   Code   RO         4158    .text               mf_w.l(fepilogue.o)
    0x08000a62   0x08000a62   0x000000ba   Code   RO         4160    .text               mf_w.l(depilogue.o)
    0x08000b1c   0x08000b1c   0x000000e4   Code   RO         4162    .text               mf_w.l(dmul.o)
    0x08000c00   0x08000c00   0x000000de   Code   RO         4164    .text               mf_w.l(ddiv.o)
    0x08000cde   0x08000cde   0x00000018   Code   RO         4166    .text               mf_w.l(dfltul.o)
    0x08000cf6   0x08000cf6   0x00000030   Code   RO         4168    .text               mf_w.l(dfixul.o)
    0x08000d26   0x08000d26   0x00000002   PAD
    0x08000d28   0x08000d28   0x00000030   Code   RO         4170    .text               mf_w.l(cdrcmple.o)
    0x08000d58   0x08000d58   0x00000038   Code   RO         4172    .text               mf_w.l(d2f.o)
    0x08000d90   0x08000d90   0x00000024   Code   RO         4174    .text               mc_w.l(init.o)
    0x08000db4   0x08000db4   0x0000000a   Code   RO         4176    .text               mc_w.l(isspace_c.o)
    0x08000dbe   0x08000dbe   0x00000002   PAD
    0x08000dc0   0x08000dc0   0x0000032c   Code   RO         4178    .text               mc_w.l(_scanf.o)
    0x080010ec   0x080010ec   0x00000028   Code   RO         4180    .text               mc_w.l(ctype_c.o)
    0x08001114   0x08001114   0x00000004   Code   RO         3769    i.BusFault_Handler  stm32f10x_it.o
    0x08001118   0x08001118   0x00000078   Code   RO         3386    i.ButtonInit        motor.o
    0x08001190   0x08001190   0x00000002   Code   RO         3770    i.DebugMon_Handler  stm32f10x_it.o
    0x08001192   0x08001192   0x00000018   Code   RO         3279    i.Delay_ms          delay.o
    0x080011aa   0x080011aa   0x0000002e   Code   RO         3281    i.Delay_us          delay.o
    0x080011d8   0x080011d8   0x00000078   Code   RO         3387    i.EXTI0_IRQHandler  motor.o
    0x08001250   0x08001250   0x0000000c   Code   RO          985    i.EXTI_ClearITPendingBit  stm32f10x_exti.o
    0x0800125c   0x0800125c   0x00000028   Code   RO          989    i.EXTI_GetITStatus  stm32f10x_exti.o
    0x08001284   0x08001284   0x00000094   Code   RO          990    i.EXTI_Init         stm32f10x_exti.o
    0x08001318   0x08001318   0x00000044   Code   RO         3496    i.Encoder_DeInit    encoder.o
    0x0800135c   0x0800135c   0x000000a8   Code   RO         3498    i.Encoder_Init      encoder.o
    0x08001404   0x08001404   0x00000040   Code   RO         1344    i.GPIO_EXTILineConfig  stm32f10x_gpio.o
    0x08001444   0x08001444   0x00000116   Code   RO         1347    i.GPIO_Init         stm32f10x_gpio.o
    0x0800155a   0x0800155a   0x00000012   Code   RO         1351    i.GPIO_ReadInputDataBit  stm32f10x_gpio.o
    0x0800156c   0x0800156c   0x00000004   Code   RO         1354    i.GPIO_ResetBits    stm32f10x_gpio.o
    0x08001570   0x08001570   0x00000004   Code   RO         1355    i.GPIO_SetBits      stm32f10x_gpio.o
    0x08001574   0x08001574   0x0000000a   Code   RO         1358    i.GPIO_WriteBit     stm32f10x_gpio.o
    0x0800157e   0x0800157e   0x00000004   Code   RO         3771    i.HardFault_Handler  stm32f10x_it.o
    0x08001582   0x08001582   0x00000004   Code   RO         3772    i.MemManage_Handler  stm32f10x_it.o
    0x08001586   0x08001586   0x00000010   Code   RO         3389    i.Motor1_SetPrescaler  motor.o
    0x08001596   0x08001596   0x00000010   Code   RO         3393    i.Motor2_SetPrescaler  motor.o
    0x080015a6   0x080015a6   0x00000002   PAD
    0x080015a8   0x080015a8   0x0000021c   Code   RO         3395    i.Motor_Init        motor.o
    0x080017c4   0x080017c4   0x00000100   Code   RO         3396    i.Motor_SetMode     motor.o
    0x080018c4   0x080018c4   0x00000002   Code   RO         3773    i.NMI_Handler       stm32f10x_it.o
    0x080018c6   0x080018c6   0x00000002   PAD
    0x080018c8   0x080018c8   0x00000070   Code   RO          137    i.NVIC_Init         misc.o
    0x08001938   0x08001938   0x00000014   Code   RO          138    i.NVIC_PriorityGroupConfig  misc.o
    0x0800194c   0x0800194c   0x0000002a   Code   RO         3532    i.OLED_Clear        oled.o
    0x08001976   0x08001976   0x00000002   PAD
    0x08001978   0x08001978   0x00000050   Code   RO         3533    i.OLED_I2C_Init     oled.o
    0x080019c8   0x080019c8   0x0000005c   Code   RO         3534    i.OLED_I2C_SendByte  oled.o
    0x08001a24   0x08001a24   0x00000034   Code   RO         3535    i.OLED_I2C_Start    oled.o
    0x08001a58   0x08001a58   0x00000028   Code   RO         3536    i.OLED_I2C_Stop     oled.o
    0x08001a80   0x08001a80   0x000000ae   Code   RO         3537    i.OLED_Init         oled.o
    0x08001b2e   0x08001b2e   0x00000014   Code   RO         3538    i.OLED_Pow          oled.o
    0x08001b42   0x08001b42   0x00000022   Code   RO         3539    i.OLED_SetCursor    oled.o
    0x08001b64   0x08001b64   0x00000074   Code   RO         3541    i.OLED_ShowChar     oled.o
    0x08001bd8   0x08001bd8   0x000000c8   Code   RO         3542    i.OLED_ShowFloat    oled.o
    0x08001ca0   0x08001ca0   0x00000044   Code   RO         3544    i.OLED_ShowNum      oled.o
    0x08001ce4   0x08001ce4   0x00000066   Code   RO         3545    i.OLED_ShowSignedNum  oled.o
    0x08001d4a   0x08001d4a   0x00000028   Code   RO         3546    i.OLED_ShowString   oled.o
    0x08001d72   0x08001d72   0x00000020   Code   RO         3547    i.OLED_WriteCommand  oled.o
    0x08001d92   0x08001d92   0x00000020   Code   RO         3548    i.OLED_WriteData    oled.o
    0x08001db2   0x08001db2   0x00000002   Code   RO         3774    i.PendSV_Handler    stm32f10x_it.o
    0x08001db4   0x08001db4   0x00000020   Code   RO         1855    i.RCC_APB1PeriphClockCmd  stm32f10x_rcc.o
    0x08001dd4   0x08001dd4   0x00000020   Code   RO         1856    i.RCC_APB1PeriphResetCmd  stm32f10x_rcc.o
    0x08001df4   0x08001df4   0x00000020   Code   RO         1857    i.RCC_APB2PeriphClockCmd  stm32f10x_rcc.o
    0x08001e14   0x08001e14   0x00000020   Code   RO         1858    i.RCC_APB2PeriphResetCmd  stm32f10x_rcc.o
    0x08001e34   0x08001e34   0x000000d4   Code   RO         1865    i.RCC_GetClocksFreq  stm32f10x_rcc.o
    0x08001f08   0x08001f08   0x00000002   Code   RO         3775    i.SVC_Handler       stm32f10x_it.o
    0x08001f0a   0x08001f0a   0x00000002   PAD
    0x08001f0c   0x08001f0c   0x000000b4   Code   RO         3652    i.Serial_Init       serial.o
    0x08001fc0   0x08001fc0   0x00000008   Code   RO           24    i.SetSysClock       system_stm32f10x.o
    0x08001fc8   0x08001fc8   0x000000e0   Code   RO           25    i.SetSysClockTo72   system_stm32f10x.o
    0x080020a8   0x080020a8   0x00000002   Code   RO         3776    i.SysTick_Handler   stm32f10x_it.o
    0x080020aa   0x080020aa   0x00000002   PAD
    0x080020ac   0x080020ac   0x00000060   Code   RO           27    i.SystemInit        system_stm32f10x.o
    0x0800210c   0x0800210c   0x00000080   Code   RO         2488    i.TI1_Config        stm32f10x_tim.o
    0x0800218c   0x0800218c   0x00000098   Code   RO         2489    i.TI2_Config        stm32f10x_tim.o
    0x08002224   0x08002224   0x00000090   Code   RO         2490    i.TI3_Config        stm32f10x_tim.o
    0x080022b4   0x080022b4   0x00000098   Code   RO         2491    i.TI4_Config        stm32f10x_tim.o
    0x0800234c   0x0800234c   0x00000064   Code   RO         3398    i.TIM1_Init         motor.o
    0x080023b0   0x080023b0   0x00000018   Code   RO         2504    i.TIM_Cmd           stm32f10x_tim.o
    0x080023c8   0x080023c8   0x000001e8   Code   RO         2509    i.TIM_DeInit        stm32f10x_tim.o
    0x080025b0   0x080025b0   0x00000042   Code   RO         2513    i.TIM_EncoderInterfaceConfig  stm32f10x_tim.o
    0x080025f2   0x080025f2   0x00000002   PAD
    0x080025f4   0x080025f4   0x000000ac   Code   RO         2527    i.TIM_ICInit        stm32f10x_tim.o
    0x080026a0   0x080026a0   0x00000012   Code   RO         2528    i.TIM_ICStructInit  stm32f10x_tim.o
    0x080026b2   0x080026b2   0x00000012   Code   RO         2529    i.TIM_ITConfig      stm32f10x_tim.o
    0x080026c4   0x080026c4   0x000000a0   Code   RO         2543    i.TIM_OC3Init       stm32f10x_tim.o
    0x08002764   0x08002764   0x0000007c   Code   RO         2548    i.TIM_OC4Init       stm32f10x_tim.o
    0x080027e0   0x080027e0   0x00000014   Code   RO         2551    i.TIM_OCStructInit  stm32f10x_tim.o
    0x080027f4   0x080027f4   0x00000006   Code   RO         2553    i.TIM_PrescalerConfig  stm32f10x_tim.o
    0x080027fa   0x080027fa   0x00000004   Code   RO         2569    i.TIM_SetCounter    stm32f10x_tim.o
    0x080027fe   0x080027fe   0x00000012   Code   RO         2570    i.TIM_SetIC1Prescaler  stm32f10x_tim.o
    0x08002810   0x08002810   0x0000001a   Code   RO         2571    i.TIM_SetIC2Prescaler  stm32f10x_tim.o
    0x0800282a   0x0800282a   0x00000012   Code   RO         2572    i.TIM_SetIC3Prescaler  stm32f10x_tim.o
    0x0800283c   0x0800283c   0x0000001a   Code   RO         2573    i.TIM_SetIC4Prescaler  stm32f10x_tim.o
    0x08002856   0x08002856   0x00000002   PAD
    0x08002858   0x08002858   0x000000a4   Code   RO         2575    i.TIM_TimeBaseInit  stm32f10x_tim.o
    0x080028fc   0x080028fc   0x000000a0   Code   RO         3660    i.USART1_IRQHandler  serial.o
    0x0800299c   0x0800299c   0x0000001e   Code   RO         3040    i.USART_ClearITPendingBit  stm32f10x_usart.o
    0x080029ba   0x080029ba   0x00000018   Code   RO         3043    i.USART_Cmd         stm32f10x_usart.o
    0x080029d2   0x080029d2   0x00000054   Code   RO         3047    i.USART_GetITStatus  stm32f10x_usart.o
    0x08002a26   0x08002a26   0x0000004a   Code   RO         3049    i.USART_ITConfig    stm32f10x_usart.o
    0x08002a70   0x08002a70   0x000000d8   Code   RO         3050    i.USART_Init        stm32f10x_usart.o
    0x08002b48   0x08002b48   0x0000000a   Code   RO         3057    i.USART_ReceiveData  stm32f10x_usart.o
    0x08002b52   0x08002b52   0x00000004   Code   RO         3777    i.UsageFault_Handler  stm32f10x_it.o
    0x08002b56   0x08002b56   0x00000002   PAD
    0x08002b58   0x08002b58   0x00000028   Code   RO         4070    i.__0sprintf        mc_w.l(printfa.o)
    0x08002b80   0x08002b80   0x0000000e   Code   RO         4185    i.__scatterload_copy  mc_w.l(handlers.o)
    0x08002b8e   0x08002b8e   0x00000002   Code   RO         4186    i.__scatterload_null  mc_w.l(handlers.o)
    0x08002b90   0x08002b90   0x0000000e   Code   RO         4187    i.__scatterload_zeroinit  mc_w.l(handlers.o)
    0x08002b9e   0x08002b9e   0x00000002   PAD
    0x08002ba0   0x08002ba0   0x00000184   Code   RO         4075    i._fp_digits        mc_w.l(printfa.o)
    0x08002d24   0x08002d24   0x0000000e   Code   RO         4102    i._is_digit         mc_w.l(scanf_fp.o)
    0x08002d32   0x08002d32   0x00000002   PAD
    0x08002d34   0x08002d34   0x000006dc   Code   RO         4076    i._printf_core      mc_w.l(printfa.o)
    0x08003410   0x08003410   0x00000024   Code   RO         4077    i._printf_post_padding  mc_w.l(printfa.o)
    0x08003434   0x08003434   0x0000002e   Code   RO         4078    i._printf_pre_padding  mc_w.l(printfa.o)
    0x08003462   0x08003462   0x0000000a   Code   RO         4080    i._sputc            mc_w.l(printfa.o)
    0x0800346c   0x0800346c   0x00000208   Code   RO         3751    i.main              main.o
    0x08003674   0x08003674   0x00000128   Code   RO         3662    i.processCmd        serial.o
    0x0800379c   0x0800379c   0x000005f0   Data   RO         3549    .constdata          oled.o
    0x08003d8c   0x08003d8c   0x00000040   Data   RO         4181    .constdata          mc_w.l(ctype_c.o)
    0x08003dcc   0x08003dcc   0x00000020   Data   RO         4183    Region$$Table       anon$$obj.o


    Execution Region RW_IRAM1 (Exec base: 0x20000000, Load base: 0x08003dec, Size: 0x00000510, Max: 0x00005000, ABSOLUTE)

    Exec Addr    Load Addr    Size         Type   Attr      Idx    E Section Name        Object

    0x20000000   0x08003dec   0x00000014   Data   RW         1885    .data               stm32f10x_rcc.o
    0x20000014   0x08003e00   0x00000004   Data   RW         3664    .data               serial.o
    0x20000018   0x08003e04   0x00000094   Data   RW         3752    .data               main.o
    0x200000ac        -       0x00000064   Zero   RW         3663    .bss                serial.o
    0x20000110        -       0x00000400   Zero   RW           17    STACK               startup_stm32f10x_md.o


==============================================================================

Image component sizes


      Code (inc. data)   RO Data    RW Data    ZI Data      Debug   Object Name

         0          0          0          0          0       4532   core_cm3.o
        70          0          0          0          0     240910   delay.o
       236         16          0          0          0       1072   encoder.o
       520         74          0        148          0       2995   main.o
       132         22          0          0          0     204731   misc.o
      1168         64          0          0          0       5637   motor.o
      1124         50       1520          0          0       8623   oled.o
       636         96          0          4        100       2525   serial.o
        36          8        236          0       1024        772   startup_stm32f10x_md.o
       200         18          0          0          0       4052   stm32f10x_exti.o
       378          4          0          0          0     223138   stm32f10x_gpio.o
        26          0          0          0          0       3582   stm32f10x_it.o
       340         44          0         20          0      13896   stm32f10x_rcc.o
      1928        234          0          0          0      32836   stm32f10x_tim.o
       438          6          0          0          0      11216   stm32f10x_usart.o
       328         28          0          0          0       1845   system_stm32f10x.o

    ----------------------------------------------------------------------
      7576        664       1788        172       1124     762362   Object Totals
         0          0         32          0          0          0   (incl. Generated)
        16          0          0          0          0          0   (incl. Padding)

    ----------------------------------------------------------------------

      Code (inc. data)   RO Data    RW Data    ZI Data      Debug   Library Member Name

        56          8          0          0          0         84   __0sscanf.o
       812          4          0          0          0        112   _scanf.o
       224          0          0          0          0         96   _scanf_str.o
        64          0          0          0          0         84   _sgetc.o
        40          6         64          0          0         68   ctype_c.o
         0          0          0          0          0          0   entry.o
         0          0          0          0          0          0   entry10a.o
         0          0          0          0          0          0   entry11a.o
         8          4          0          0          0          0   entry2.o
         4          0          0          0          0          0   entry5.o
         0          0          0          0          0          0   entry7b.o
         0          0          0          0          0          0   entry8b.o
         8          4          0          0          0          0   entry9a.o
        30          0          0          0          0          0   handlers.o
        36          8          0          0          0         68   init.o
        10          0          0          0          0         68   isspace_c.o
         0          0          0          0          0          0   iusefp.o
        30          0          0          0          0         68   llshl.o
        36          0          0          0          0         68   llsshr.o
        32          0          0          0          0         68   llushr.o
      2276         86          0          0          0        520   printfa.o
        40          8          0          0          0         84   scanf_char.o
       878         12          0          0          0        216   scanf_fp.o
        44          0          0          0          0         80   uidiv.o
        98          0          0          0          0         92   uldiv.o
        48          0          0          0          0         68   cdrcmple.o
        20          0          0          0          0         68   cfcmple.o
        56          0          0          0          0         88   d2f.o
       334          0          0          0          0        148   dadd.o
       222          0          0          0          0        100   ddiv.o
       186          0          0          0          0        176   depilogue.o
        50          0          0          0          0         76   dfixui.o
        48          0          0          0          0         68   dfixul.o
        24          0          0          0          0         76   dfltul.o
       228          0          0          0          0         96   dmul.o
        38          0          0          0          0         68   f2d.o
       176          0          0          0          0        140   fadd.o
       110          0          0          0          0        168   fepilogue.o
        40          0          0          0          0         68   ffixui.o
        10          0          0          0          0         68   ffltui.o
       100          0          0          0          0         76   fmul.o

    ----------------------------------------------------------------------
      6424        140         64          0          0       3328   Library Totals
         8          0          0          0          0          0   (incl. Padding)

    ----------------------------------------------------------------------

      Code (inc. data)   RO Data    RW Data    ZI Data      Debug   Library Name

      4726        140         64          0          0       1776   mc_w.l
      1690          0          0          0          0       1552   mf_w.l

    ----------------------------------------------------------------------
      6424        140         64          0          0       3328   Library Totals

    ----------------------------------------------------------------------

==============================================================================


      Code (inc. data)   RO Data    RW Data    ZI Data      Debug   

     14000        804       1852        172       1124     759862   Grand Totals
     14000        804       1852        172       1124     759862   ELF Image Totals
     14000        804       1852        172          0          0   ROM Totals

==============================================================================

    Total RO  Size (Code + RO Data)                15852 (  15.48kB)
    Total RW  Size (RW Data + ZI Data)              1296 (   1.27kB)
    Total ROM Size (Code + RO Data + RW Data)      16024 (  15.65kB)

==============================================================================

